<html>
<body>
<pre>
<h1>µVision Build Log</h1>
<h2>Project:</h2>
G:\project\with interrupts\test_gsm_gps_1_uarts_interrupts\sample.uvproj
Project File Date:  12/23/2014

<h2>Output:</h2>
Rebuild target 'Target 1'
assembling Startup.s...
compiling gsmGPS.c...
gsmGPS.c(262): warning:  #550-D: variable "dummy" was set but never used
        char dummy;
gsmGPS.c: 1 warning, 0 errors
compiling lcd.c...
compiling main.c...
compiling uart.c...
linking...
Program Size: Code=4228 RO-data=32 RW-data=36 ZI-data=1372  
FromELF: creating hex file...
".\sample.axf" - 0 Error(s), 1 Warning(s).
</pre>
</body>
</html>
, 0 errors
compiling lcd.c...
compiling main.c...
compiling uart.c...
linking...
Program Size: Code=4428 RO-data=32 RW-data=52 ZI-data=1356  
FromELF: creating hex file...
".\sample.axf" - 0 Error(s), 3 Warning(s).
