<html>
<body>
<pre>
<h1>µVision Build Log</h1>
<h2>Project:</h2>
C:\Users\spit-vlsi\Desktop\12_Test_GSM\at.uvproj
Project File Date:  03/27/2016

<h2>Output:</h2>
Rebuild target 'Target 1'
assembling Startup.s...
compiling gsmAT.c...
gsmAT.c(283): error:  #18: expected a ")"
gsmAT.c(289): warning:  #12-D: parsing restarts here after previous syntax error
gsmAT.c(289): error:  #127: expected a statement
gsmAT.c(275): warning:  #550-D: variable "buff" was set but never used
gsmAT.c(277): warning:  #177-D: variable "j" was declared but never referenced
compiling lcd.c...
Target not created
Rebuild target 'Target 1'
assembling Startup.s...
compiling gsmAT.c...
gsmAT.c(282): error:  #18: expected a ")"
gsmAT.c(288): warning:  #12-D: parsing restarts here after previous syntax error
gsmAT.c(288): error:  #127: expected a statement
gsmAT.c(275): warning:  #550-D: variable "buff" was set but never used
compiling lcd.c...
Target not created
Rebuild target 'Target 1'
assembling Startup.s...
compiling gsmAT.c...
gsmAT.c(283): error:  #18: expected a ")"
gsmAT.c(289): warning:  #12-D: parsing restarts here after previous syntax error
gsmAT.c(289): error:  #127: expected a statement
gsmAT.c(276): warning:  #550-D: variable "buff" was set but never used
compiling lcd.c...
Target not created
Rebuild target 'Target 1'
assembling Startup.s...
compiling gsmAT.c...
gsmAT.c(276): warning:  #550-D: variable "buff" was set but never used
compiling lcd.c...
linking...
Program Size: Code=2644 RO-data=16 RW-data=0 ZI-data=1256  
FromELF: creating hex file...
"at.axf" - 0 Error(s), 1 Warning(s).
Rebuild target 'Target 1'
assembling Startup.s...
compiling gsmAT.c...
compiling lcd.c...
linking...
Program Size: Code=2644 RO-data=16 RW-data=0 ZI-data=1256  
FromELF: creating hex file...
"at.axf" - 0 Error(s), 0 Warning(s).
Rebuild target 'Target 1'
assembling Startup.s...
compiling gsmAT.c...
compiling lcd.c...
linking...
Program Size: Code=2644 RO-data=16 RW-data=0 ZI-data=1256  
FromELF: creating hex file...
"at.axf" - 0 Error(s), 0 Warning(s).
Rebuild target 'Target 1'
assembling Startup.s...
compiling gsmAT.c...
compiling lcd.c...
linking...
Program Size: Code=2632 RO-data=16 RW-data=0 ZI-data=1256  
FromELF: creating hex file...
"at.axf" - 0 Error(s), 0 Warning(s).
Rebuild target 'Target 1'
assembling Startup.s...
compiling gsmAT.c...
compiling lcd.c...
linking...
Program Size: Code=2636 RO-data=16 RW-data=0 ZI-data=1256  
FromELF: creating hex file...
"at.axf" - 0 Error(s), 0 Warning(s).
Rebuild target 'Target 1'
assembling Startup.s...
compiling gsmAT.c...
compiling lcd.c...
linking...
Program Size: Code=2652 RO-data=16 RW-data=0 ZI-data=1256  
FromELF: creating hex file...
"at.axf" - 0 Error(s), 0 Warning(s).
Rebuild target 'Target 1'
assembling Startup.s...
compiling gsmAT.c...
compiling lcd.c...
linking...
Program Size: Code=2668 RO-data=16 RW-data=0 ZI-data=1256  
FromELF: creating hex file...
"at.axf" - 0 Error(s), 0 Warning(s).
Rebuild target 'Target 1'
assembling Startup.s...
compiling gsmAT.c...
compiling lcd.c...
linking...
Program Size: Code=2640 RO-data=16 RW-data=0 ZI-data=1256  
FromELF: creating hex file...
"at.axf" - 0 Error(s), 0 Warning(s).
Rebuild target 'Target 1'
assembling Startup.s...
compiling gsmAT.c...
compiling lcd.c...
linking...
Program Size: Code=2648 RO-data=16 RW-data=0 ZI-data=1256  
FromELF: creating hex file...
"at.axf" - 0 Error(s), 0 Warning(s).
Rebuild target 'Target 1'
assembling Startup.s...
compiling gsmAT.c...
compiling lcd.c...
linking...
Program Size: Code=2684 RO-data=16 RW-data=0 ZI-data=1256  
FromELF: creating hex file...
"at.axf" - 0 Error(s), 0 Warning(s).
Rebuild target 'Target 1'
assembling Startup.s...
compiling gsmAT.c...
gsmAT.c(305): error:  #20: identifier "j" is undefined
compiling lcd.c...
Target not created
Rebuild target 'Target 1'
assembling Startup.s...
compiling gsmAT.c...
compiling lcd.c...
linking...
Program Size: Code=2804 RO-data=16 RW-data=0 ZI-data=1256  
FromELF: creating hex file...
"at.axf" - 0 Error(s), 0 Warning(s).
Rebuild target 'Target 1'
assembling Startup.s...
compiling gsmAT.c...
compiling lcd.c...
linking...
Program Size: Code=2820 RO-data=16 RW-data=0 ZI-data=1256  
FromELF: creating hex file...
"at.axf" - 0 Error(s), 0 Warning(s).
Rebuild target 'Target 1'
assembling Startup.s...
compiling gsmAT.c...
compiling lcd.c...
linking...
Program Size: Code=2820 RO-data=16 RW-data=0 ZI-data=1256  
FromELF: creating hex file...
"at.axf" - 0 Error(s), 0 Warning(s).
Rebuild target 'Target 1'
assembling Startup.s...
compiling gsmAT.c...
gsmAT.c(305): error:  #29: expected an expression
compiling lcd.c...
Target not created
Rebuild target 'Target 1'
assembling Startup.s...
compiling gsmAT.c...
compiling lcd.c...
linking...
Program Size: Code=2804 RO-data=16 RW-data=0 ZI-data=1256  
FromELF: creating hex file...
"at.axf" - 0 Error(s), 0 Warning(s).
Rebuild target 'Target 1'
assembling Startup.s...
compiling gsmAT.c...
compiling lcd.c...
linking...
Program Size: Code=2820 RO-data=16 RW-data=0 ZI-data=1256  
FromELF: creating hex file...
"at.axf" - 0 Error(s), 0 Warning(s).
Rebuild target 'Target 1'
assembling Startup.s...
compiling gsmAT.c...
gsmAT.c(68): error:  #18: expected a ")"
compiling lcd.c...
Target not created
Rebuild target 'Target 1'
assembling Startup.s...
compiling gsmAT.c...
compiling lcd.c...
linking...
Program Size: Code=2960 RO-data=16 RW-data=0 ZI-data=1256  
FromELF: creating hex file...
"at.axf" - 0 Error(s), 0 Warning(s).
Rebuild target 'Target 1'
assembling Startup.s...
compiling gsmAT.c...
compiling lcd.c...
linking...
Program Size: Code=2968 RO-data=16 RW-data=0 ZI-data=1256  
FromELF: creating hex file...
"at.axf" - 0 Error(s), 0 Warning(s).
Rebuild target 'Target 1'
assembling Startup.s...
compiling gsmAT.c...
compiling lcd.c...
linking...
Program Size: Code=3164 RO-data=16 RW-data=0 ZI-data=1256  
FromELF: creating hex file...
"at.axf" - 0 Error(s), 0 Warning(s).
Rebuild target 'Target 1'
assembling Startup.s...
compiling gsmAT.c...
compiling lcd.c...
linking...
Program Size: Code=2992 RO-data=16 RW-data=0 ZI-data=1256  
FromELF: creating hex file...
"at.axf" - 0 Error(s), 0 Warning(s).
Rebuild target 'Target 1'
assembling Startup.s...
compiling gsmAT.c...
compiling lcd.c...
linking...
Program Size: Code=3104 RO-data=16 RW-data=0 ZI-data=1256  
FromELF: creating hex file...
"at.axf" - 0 Error(s), 0 Warning(s).
Rebuild target 'Target 1'
assembling Startup.s...
compiling gsmAT.c...
compiling lcd.c...
linking...
Program Size: Code=3184 RO-data=16 RW-data=0 ZI-data=1256  
FromELF: creating hex file...
"at.axf" - 0 Error(s), 0 Warning(s).
Rebuild target 'Target 1'
assembling Startup.s...
compiling gsmAT.c...
compiling lcd.c...
linking...
Program Size: Code=3188 RO-data=16 RW-data=0 ZI-data=1256  
FromELF: creating hex file...
"at.axf" - 0 Error(s), 0 Warning(s).
Rebuild target 'Target 1'
assembling Startup.s...
compiling gsmAT.c...
gsmAT.c(332): error:  #167: argument of type "char" is incompatible with parameter of type "char *"
gsmAT.c(348): error:  #247: function "wifi_response" has already been defined
compiling lcd.c...
Target not created
Rebuild target 'Target 1'
assembling Startup.s...
compiling gsmAT.c...
gsmAT.c(333): error:  #167: argument of type "char" is incompatible with parameter of type "char *"
compiling lcd.c...
Target not created
Rebuild target 'Target 1'
assembling Startup.s...
compiling gsmAT.c...
compiling lcd.c...
linking...
Program Size: Code=3484 RO-data=16 RW-data=0 ZI-data=1256  
FromELF: creating hex file...
"at.axf" - 0 Error(s), 0 Warning(s).
Rebuild target 'Target 1'
assembling Startup.s...
compiling gsmAT.c...
compiling lcd.c...
linking...
Program Size: Code=3564 RO-data=16 RW-data=0 ZI-data=1256  
FromELF: creating hex file...
"at.axf" - 0 Error(s), 0 Warning(s).
Rebuild target 'Target 1'
assembling Startup.s...
compiling gsmAT.c...
compiling lcd.c...
linking...
Program Size: Code=3556 RO-data=16 RW-data=0 ZI-data=1256  
FromELF: creating hex file...
"at.axf" - 0 Error(s), 0 Warning(s).
Rebuild target 'Target 1'
assembling Startup.s...
compiling gsmAT.c...
compiling lcd.c...
linking...
Program Size: Code=3572 RO-data=16 RW-data=0 ZI-data=1256  
FromELF: creating hex file...
"at.axf" - 0 Error(s), 0 Warning(s).
Rebuild target 'Target 1'
assembling Startup.s...
compiling gsmAT.c...
compiling lcd.c...
linking...
Program Size: Code=3604 RO-data=16 RW-data=0 ZI-data=1256  
FromELF: creating hex file...
"at.axf" - 0 Error(s), 0 Warning(s).
Rebuild target 'Target 1'
assembling Startup.s...
compiling gsmAT.c...
compiling lcd.c...
linking...
Program Size: Code=3532 RO-data=16 RW-data=0 ZI-data=1256  
FromELF: creating hex file...
"at.axf" - 0 Error(s), 0 Warning(s).
Rebuild target 'Target 1'
assembling Startup.s...
compiling gsmAT.c...
compiling lcd.c...
linking...
Program Size: Code=3556 RO-data=16 RW-data=0 ZI-data=1256  
FromELF: creating hex file...
"at.axf" - 0 Error(s), 0 Warning(s).
Rebuild target 'Target 1'
assembling Startup.s...
compiling gsmAT.c...
compiling lcd.c...
linking...
Program Size: Code=3520 RO-data=16 RW-data=0 ZI-data=1256  
FromELF: creating hex file...
"at.axf" - 0 Error(s), 0 Warning(s).
Rebuild target 'Target 1'
assembling Startup.s...
compiling gsmAT.c...
compiling lcd.c...
linking...
Program Size: Code=3512 RO-data=16 RW-data=0 ZI-data=1256  
FromELF: creating hex file...
"at.axf" - 0 Error(s), 0 Warning(s).
Rebuild target 'Target 1'
assembling Startup.s...
compiling gsmAT.c...
compiling lcd.c...
linking...
Program Size: Code=3520 RO-data=16 RW-data=0 ZI-data=1256  
FromELF: creating hex file...
"at.axf" - 0 Error(s), 0 Warning(s).
Rebuild target 'Target 1'
assembling Startup.s...
compiling gsmAT.c...
compiling lcd.c...
linking...
Program Size: Code=3572 RO-data=16 RW-data=0 ZI-data=1256  
FromELF: creating hex file...
"at.axf" - 0 Error(s), 0 Warning(s).
Rebuild target 'Target 1'
assembling Startup.s...
compiling gsmAT.c...
compiling lcd.c...
linking...
Program Size: Code=3564 RO-data=16 RW-data=0 ZI-data=1256  
FromELF: creating hex file...
"at.axf" - 0 Error(s), 0 Warning(s).
Rebuild target 'Target 1'
assembling Startup.s...
compiling gsmAT.c...
compiling lcd.c...
linking...
Program Size: Code=3564 RO-data=16 RW-data=0 ZI-data=1256  
FromELF: creating hex file...
"at.axf" - 0 Error(s), 0 Warning(s).
Rebuild target 'Target 1'
assembling Startup.s...
compiling gsmAT.c...
compiling lcd.c...
linking...
Program Size: Code=3608 RO-data=16 RW-data=0 ZI-data=1256  
FromELF: creating hex file...
"at.axf" - 0 Error(s), 0 Warning(s).
Rebuild target 'Target 1'
assembling Startup.s...
compiling gsmAT.c...
compiling lcd.c...
linking...
Program Size: Code=3624 RO-data=16 RW-data=0 ZI-data=1256  
FromELF: creating hex file...
"at.axf" - 0 Error(s), 0 Warning(s).
Rebuild target 'Target 1'
assembling Startup.s...
compiling gsmAT.c...
gsmAT.c(120): error:  #20: identifier "ch" is undefined
gsmAT.c(124): warning:  #223-D: function "LCD_WriteDATA" declared implicitly
gsmAT.c(21): warning:  #177-D: variable "j" was declared but never referenced
compiling lcd.c...
Target not created
Rebuild target 'Target 1'
assembling Startup.s...
compiling gsmAT.c...
gsmAT.c(120): error:  #20: identifier "ch" is undefined
gsmAT.c(124): warning:  #223-D: function "LCD_WriteDATA" declared implicitly
gsmAT.c(21): warning:  #177-D: variable "j" was declared but never referenced
compiling lcd.c...
Target not created
Rebuild target 'Target 1'
assembling Startup.s...
compiling gsmAT.c...
gsmAT.c(120): error:  #20: identifier "ch" is undefined
gsmAT.c(124): warning:  #223-D: function "LCD_WriteDATA" declared implicitly
gsmAT.c(21): warning:  #177-D: variable "j" was declared but never referenced
compiling lcd.c...
Target not created
Rebuild target 'Target 1'
assembling Startup.s...
compiling gsmAT.c...
gsmAT.c(120): error:  #20: identifier "ch" is undefined
gsmAT.c(21): warning:  #177-D: variable "j" was declared but never referenced
compiling lcd.c...
Target not created
Rebuild target 'Target 1'
assembling Startup.s...
compiling gsmAT.c...
gsmAT.c(120): error:  #20: identifier "ch" is undefined
gsmAT.c(21): warning:  #177-D: variable "j" was declared but never referenced
compiling lcd.c...
Target not created
Rebuild target 'Target 1'
assembling Startup.s...
compiling gsmAT.c...
gsmAT.c(21): warning:  #177-D: variable "j" was declared but never referenced
compiling lcd.c...
linking...
Program Size: Code=3688 RO-data=16 RW-data=0 ZI-data=1256  
FromELF: creating hex file...
"at.axf" - 0 Error(s), 1 Warning(s).
Rebuild target 'Target 1'
assembling Startup.s...
compiling gsmAT.c...
gsmAT.c(21): warning:  #177-D: variable "j" was declared but never referenced
compiling lcd.c...
linking...
Program Size: Code=3688 RO-data=16 RW-data=0 ZI-data=1256  
FromELF: creating hex file...
"at.axf" - 0 Error(s), 1 Warning(s).
Rebuild target 'Target 1'
assembling Startup.s...
compiling gsmAT.c...
gsmAT.c(20): warning:  #177-D: variable "ch" was declared but never referenced
gsmAT.c(21): warning:  #177-D: variable "j" was declared but never referenced
gsmAT.c(21): warning:  #177-D: variable "k" was declared but never referenced
compiling lcd.c...
linking...
Program Size: Code=3636 RO-data=16 RW-data=0 ZI-data=1256  
FromELF: creating hex file...
"at.axf" - 0 Error(s), 3 Warning(s).
Rebuild target 'Target 1'
assembling Startup.s...
compiling gsmAT.c...
gsmAT.c(20): warning:  #177-D: variable "ch" was declared but never referenced
gsmAT.c(21): warning:  #177-D: variable "j" was declared but never referenced
gsmAT.c(21): warning:  #177-D: variable "k" was declared but never referenced
compiling lcd.c...
linking...
Program Size: Code=3644 RO-data=16 RW-data=0 ZI-data=1256  
FromELF: creating hex file...
"at.axf" - 0 Error(s), 3 Warning(s).
Rebuild target 'Target 1'
assembling Startup.s...
compiling gsmAT.c...
gsmAT.c(20): warning:  #177-D: variable "ch" was declared but never referenced
gsmAT.c(21): warning:  #177-D: variable "j" was declared but never referenced
gsmAT.c(21): warning:  #177-D: variable "k" was declared but never referenced
compiling lcd.c...
linking...
Program Size: Code=3624 RO-data=16 RW-data=0 ZI-data=1256  
FromELF: creating hex file...
"at.axf" - 0 Error(s), 3 Warning(s).
Rebuild target 'Target 1'
assembling Startup.s...
compiling gsmAT.c...
gsmAT.c(20): warning:  #177-D: variable "ch" was declared but never referenced
gsmAT.c(21): warning:  #177-D: variable "j" was declared but never referenced
gsmAT.c(21): warning:  #177-D: variable "k" was declared but never referenced
compiling lcd.c...
linking...
Program Size: Code=3648 RO-data=16 RW-data=0 ZI-data=1256  
FromELF: creating hex file...
"at.axf" - 0 Error(s), 3 Warning(s).
Rebuild target 'Target 1'
assembling Startup.s...
compiling gsmAT.c...
gsmAT.c(20): warning:  #177-D: variable "ch" was declared but never referenced
gsmAT.c(21): warning:  #177-D: variable "j" was declared but never referenced
gsmAT.c(21): warning:  #177-D: variable "k" was declared but never referenced
compiling lcd.c...
linking...
Program Size: Code=3644 RO-data=16 RW-data=0 ZI-data=1256  
FromELF: creating hex file...
"at.axf" - 0 Error(s), 3 Warning(s).
Rebuild target 'Target 1'
assembling Startup.s...
compiling gsmAT.c...
gsmAT.c(20): warning:  #177-D: variable "ch" was declared but never referenced
gsmAT.c(21): warning:  #177-D: variable "j" was declared but never referenced
gsmAT.c(21): warning:  #177-D: variable "k" was declared but never referenced
compiling lcd.c...
linking...
Program Size: Code=3624 RO-data=16 RW-data=0 ZI-data=1256  
FromELF: creating hex file...
"at.axf" - 0 Error(s), 3 Warning(s).
Rebuild target 'Target 1'
assembling Startup.s...
compiling gsmAT.c...
gsmAT.c(20): warning:  #177-D: variable "ch" was declared but never referenced
gsmAT.c(21): warning:  #177-D: variable "j" was declared but never referenced
gsmAT.c(21): warning:  #177-D: variable "k" was declared but never referenced
compiling lcd.c...
linking...
Program Size: Code=3596 RO-data=16 RW-data=0 ZI-data=1256  
FromELF: creating hex file...
"at.axf" - 0 Error(s), 3 Warning(s).
Rebuild target 'Target 1'
assembling Startup.s...
compiling gsmAT.c...
compiling lcd.c...
linking...
Program Size: Code=3564 RO-data=16 RW-data=0 ZI-data=1256  
FromELF: creating hex file...
"at.axf" - 0 Error(s), 0 Warning(s).
Rebuild target 'Target 1'
assembling Startup.s...
compiling gsmAT.c...
compiling lcd.c...
linking...
Program Size: Code=3580 RO-data=16 RW-data=0 ZI-data=1256  
FromELF: creating hex file...
"at.axf" - 0 Error(s), 0 Warning(s).
Rebuild target 'Target 1'
assembling Startup.s...
compiling gsmAT.c...
compiling lcd.c...
linking...
Program Size: Code=3576 RO-data=16 RW-data=0 ZI-data=1256  
FromELF: creating hex file...
"at.axf" - 0 Error(s), 0 Warning(s).
Rebuild target 'Target 1'
assembling Startup.s...
compiling gsmAT.c...
compiling lcd.c...
linking...
Program Size: Code=3584 RO-data=16 RW-data=0 ZI-data=1256  
FromELF: creating hex file...
"at.axf" - 0 Error(s), 0 Warning(s).
Rebuild target 'Target 1'
assembling Startup.s...
compiling gsmAT.c...
compiling lcd.c...
linking...
Program Size: Code=3572 RO-data=16 RW-data=0 ZI-data=1256  
FromELF: creating hex file...
"at.axf" - 0 Error(s), 0 Warning(s).
Rebuild target 'Target 1'
assembling Startup.s...
compiling gsmAT.c...
compiling lcd.c...
linking...
Program Size: Code=3584 RO-data=16 RW-data=0 ZI-data=1256  
FromELF: creating hex file...
"at.axf" - 0 Error(s), 0 Warning(s).
Rebuild target 'Target 1'
assembling Startup.s...
compiling gsmAT.c...
compiling lcd.c...
linking...
Program Size: Code=3592 RO-data=16 RW-data=0 ZI-data=1256  
FromELF: creating hex file...
"at.axf" - 0 Error(s), 0 Warning(s).
Rebuild target 'Target 1'
assembling Startup.s...
compiling gsmAT.c...
compiling lcd.c...
linking...
Program Size: Code=3588 RO-data=16 RW-data=0 ZI-data=1256  
FromELF: creating hex file...
"at.axf" - 0 Error(s), 0 Warning(s).
Rebuild target 'Target 1'
assembling Startup.s...
compiling gsmAT.c...
gsmAT.c(429): warning:  #177-D: variable "j" was declared but never referenced
compiling lcd.c...
linking...
Program Size: Code=3748 RO-data=16 RW-data=0 ZI-data=1256  
FromELF: creating hex file...
"at.axf" - 0 Error(s), 1 Warning(s).
Rebuild target 'Target 1'
assembling Startup.s...
compiling gsmAT.c...
compiling lcd.c...
linking...
Program Size: Code=3744 RO-data=16 RW-data=0 ZI-data=1256  
FromELF: creating hex file...
"at.axf" - 0 Error(s), 0 Warning(s).
Rebuild target 'Target 1'
assembling Startup.s...
compiling gsmAT.c...
compiling lcd.c...
linking...
Program Size: Code=3756 RO-data=16 RW-data=0 ZI-data=1256  
FromELF: creating hex file...
"at.axf" - 0 Error(s), 0 Warning(s).
Rebuild target 'Target 1'
assembling Startup.s...
compiling gsmAT.c...
compiling lcd.c...
linking...
Program Size: Code=3760 RO-data=16 RW-data=0 ZI-data=1256  
FromELF: creating hex file...
"at.axf" - 0 Error(s), 0 Warning(s).
Rebuild target 'Target 1'
assembling Startup.s...
compiling gsmAT.c...
gsmAT.c(133): error:  #167: argument of type "unsigned char" is incompatible with parameter of type "char *"
compiling lcd.c...
Target not created
Rebuild target 'Target 1'
assembling Startup.s...
compiling gsmAT.c...
gsmAT.c(133): error:  #268: declaration may not appear after executable statement in block
gsmAT.c(134): error:  #167: argument of type "unsigned char" is incompatible with parameter of type "char *"
compiling lcd.c...
Target not created
Rebuild target 'Target 1'
assembling Startup.s...
compiling gsmAT.c...
gsmAT.c(133): error:  #268: declaration may not appear after executable statement in block
compiling lcd.c...
Target not created
Rebuild target 'Target 1'
assembling Startup.s...
compiling gsmAT.c...
compiling lcd.c...
linking...
Program Size: Code=3788 RO-data=16 RW-data=0 ZI-data=1256  
FromELF: creating hex file...
"at.axf" - 0 Error(s), 0 Warning(s).
Rebuild target 'Target 1'
assembling Startup.s...
compiling gsmAT.c...
compiling lcd.c...
linking...
Program Size: Code=3908 RO-data=16 RW-data=0 ZI-data=1256  
FromELF: creating hex file...
"at.axf" - 0 Error(s), 0 Warning(s).
Rebuild target 'Target 1'
assembling Startup.s...
compiling gsmAT.c...
gsmAT.c(132): warning:  #174-D: expression has no effect
gsmAT.c(22): warning:  #177-D: variable "j" was declared but never referenced
compiling lcd.c...
linking...
Program Size: Code=3800 RO-data=16 RW-data=0 ZI-data=1256  
FromELF: creating hex file...
"at.axf" - 0 Error(s), 2 Warning(s).
Rebuild target 'Target 1'
assembling Startup.s...
compiling gsmAT.c...
gsmAT.c(22): warning:  #177-D: variable "j" was declared but never referenced
compiling lcd.c...
linking...
Program Size: Code=3816 RO-data=16 RW-data=0 ZI-data=1256  
FromELF: creating hex file...
"at.axf" - 0 Error(s), 1 Warning(s).
Rebuild target 'Target 1'
assembling Startup.s...
compiling gsmAT.c...
gsmAT.c(135): error:  #20: identifier "RDR" is undefined
gsmAT.c(22): warning:  #177-D: variable "j" was declared but never referenced
compiling lcd.c...
Target not created
Rebuild target 'Target 1'
assembling Startup.s...
compiling gsmAT.c...
gsmAT.c(22): warning:  #177-D: variable "j" was declared but never referenced
gsmAT.c(22): warning:  #177-D: variable "k" was declared but never referenced
compiling lcd.c...
linking...
Program Size: Code=3736 RO-data=16 RW-data=0 ZI-data=1256  
FromELF: creating hex file...
"at.axf" - 0 Error(s), 2 Warning(s).
Rebuild target 'Target 1'
assembling Startup.s...
compiling gsmAT.c...
gsmAT.c(22): warning:  #177-D: variable "j" was declared but never referenced
gsmAT.c(22): warning:  #177-D: variable "k" was declared but never referenced
compiling lcd.c...
linking...
Program Size: Code=3748 RO-data=16 RW-data=0 ZI-data=1256  
FromELF: creating hex file...
"at.axf" - 0 Error(s), 2 Warning(s).
Rebuild target 'Target 1'
assembling Startup.s...
compiling gsmAT.c...
gsmAT.c(22): warning:  #177-D: variable "j" was declared but never referenced
gsmAT.c(22): warning:  #177-D: variable "k" was declared but never referenced
compiling lcd.c...
linking...
Program Size: Code=4000 RO-data=16 RW-data=0 ZI-data=1256  
FromELF: creating hex file...
"at.axf" - 0 Error(s), 2 Warning(s).
Rebuild target 'Target 1'
assembling Startup.s...
compiling gsmAT.c...
gsmAT.c(22): warning:  #177-D: variable "j" was declared but never referenced
gsmAT.c(22): warning:  #177-D: variable "k" was declared but never referenced
compiling lcd.c...
linking...
Program Size: Code=4004 RO-data=16 RW-data=0 ZI-data=1256  
FromELF: creating hex file...
"at.axf" - 0 Error(s), 2 Warning(s).
Rebuild target 'Target 1'
assembling Startup.s...
compiling gsmAT.c...
gsmAT.c(22): warning:  #177-D: variable "j" was declared but never referenced
gsmAT.c(22): warning:  #177-D: variable "k" was declared but never referenced
compiling lcd.c...
linking...
Program Size: Code=3920 RO-data=16 RW-data=0 ZI-data=1256  
FromELF: creating hex file...
"at.axf" - 0 Error(s), 2 Warning(s).
Rebuild target 'Target 1'
assembling Startup.s...
compiling gsmAT.c...
gsmAT.c(22): warning:  #177-D: variable "j" was declared but never referenced
gsmAT.c(22): warning:  #177-D: variable "k" was declared but never referenced
compiling lcd.c...
linking...
Program Size: Code=4000 RO-data=16 RW-data=0 ZI-data=1256  
FromELF: creating hex file...
"at.axf" - 0 Error(s), 2 Warning(s).
Rebuild target 'Target 1'
assembling Startup.s...
compiling gsmAT.c...
gsmAT.c(22): warning:  #177-D: variable "j" was declared but never referenced
gsmAT.c(22): warning:  #177-D: variable "k" was declared but never referenced
compiling lcd.c...
linking...
Program Size: Code=4004 RO-data=16 RW-data=0 ZI-data=1256  
FromELF: creating hex file...
"at.axf" - 0 Error(s), 2 Warning(s).
Rebuild target 'Target 1'
assembling Startup.s...
compiling gsmAT.c...
gsmAT.c(22): warning:  #177-D: variable "j" was declared but never referenced
gsmAT.c(22): warning:  #177-D: variable "k" was declared but never referenced
compiling lcd.c...
linking...
Program Size: Code=4132 RO-data=16 RW-data=0 ZI-data=1256  
FromELF: creating hex file...
"at.axf" - 0 Error(s), 2 Warning(s).
