Component: ARM Compiler 5.06 update 6 (build 750) Tool: armlink [4d35ed]

==============================================================================

Section Cross References

    startup.o(STACK) refers (Special) to heapauxi.o(.text) for __use_two_region_memory
    startup.o(HEAP) refers (Special) to heapauxi.o(.text) for __use_two_region_memory
    startup.o(RESET) refers (Special) to heapauxi.o(.text) for __use_two_region_memory
    startup.o(RESET) refers to startup.o(STACK) for Stack_Top
    startup.o(RESET) refers to __main.o(!!!main) for __main
    startup.o(.text) refers (Special) to heapauxi.o(.text) for __use_two_region_memory
    startup.o(.text) refers to startup.o(HEAP) for Heap_Mem
    startup.o(.text) refers to startup.o(STACK) for Stack_Mem
    gprs.o(i.Buffer_Flush) refers to rt_memclr.o(.text) for __aeabi_memclr
    gprs.o(i.Buffer_Flush) refers to gprs.o(.bss) for RESPONSE_BUFFER
    gprs.o(i.Buffer_Flush) refers to gprs.o(.data) for Counter
    gprs.o(i.ESP8266HTTP_Connect) refers to gprs.o(i.delay_ms) for delay_ms
    gprs.o(i.ESP8266HTTP_Connect) refers to lcd.o(i.soft_delay_ms) for soft_delay_ms
    gprs.o(i.ESP8266HTTP_Connect) refers to lcd.o(i.gotoloc) for gotoloc
    gprs.o(i.ESP8266HTTP_Connect) refers to gprs.o(i.UART0_SendString) for UART0_SendString
    gprs.o(i.ESP8266HTTP_Connect) refers to gprs.o(i.WaitForExpectedResponse) for WaitForExpectedResponse
    gprs.o(i.ESP8266HTTP_Connect) refers to gprs.o(i.Start_Read_Response) for Start_Read_Response
    gprs.o(i.ESP8266HTTP_Start) refers to gprs.o(i.SendATandExpectResponse) for SendATandExpectResponse
    gprs.o(i.ESP8266HTTP_Start) refers to gprs.o(i.HTTP_Parameter) for HTTP_Parameter
    gprs.o(i.GetResponseBody) refers to strncpy.o(.text) for strncpy
    gprs.o(i.GetResponseBody) refers to atoi.o(.text) for atoi
    gprs.o(i.GetResponseBody) refers to strlen.o(.text) for strlen
    gprs.o(i.GetResponseBody) refers to rt_memcpy.o(.text) for __aeabi_memcpy
    gprs.o(i.GetResponseBody) refers to strncmp.o(.text) for strncmp
    gprs.o(i.GetResponseBody) refers to rt_memclr.o(.text) for __aeabi_memclr
    gprs.o(i.HTTP_Action) refers to gprs.o(i.UART0_SendString) for UART0_SendString
    gprs.o(i.HTTP_Action) refers to gprs.o(i.WaitForExpectedResponse) for WaitForExpectedResponse
    gprs.o(i.HTTP_Connected) refers to gprs.o(i.UART0_SendString) for UART0_SendString
    gprs.o(i.HTTP_Connected) refers to gprs.o(i.WaitForExpectedResponse) for WaitForExpectedResponse
    gprs.o(i.HTTP_Connected) refers to gprs.o(.data) for CRLF_COUNT
    gprs.o(i.HTTP_Data) refers to _printf_percent.o(.ARM.Collect$$_printf_percent$$00000000) for _printf_percent
    gprs.o(i.HTTP_Data) refers to _printf_d.o(.ARM.Collect$$_printf_percent$$00000009) for _printf_d
    gprs.o(i.HTTP_Data) refers to _printf_dec.o(.text) for _printf_int_dec
    gprs.o(i.HTTP_Data) refers to strlen.o(.text) for strlen
    gprs.o(i.HTTP_Data) refers to noretval__2sprintf.o(.text) for __2sprintf
    gprs.o(i.HTTP_Data) refers to gprs.o(i.UART0_SendString) for UART0_SendString
    gprs.o(i.HTTP_Data) refers to gprs.o(i.WaitForExpectedResponse) for WaitForExpectedResponse
    gprs.o(i.HTTP_Data) refers to gprs.o(i.SendATandExpectResponse) for SendATandExpectResponse
    gprs.o(i.HTTP_Init) refers to gprs.o(i.UART0_SendString) for UART0_SendString
    gprs.o(i.HTTP_Init) refers to gprs.o(i.WaitForExpectedResponse) for WaitForExpectedResponse
    gprs.o(i.HTTP_Parameter) refers to gprs.o(i.UART0_SendString) for UART0_SendString
    gprs.o(i.HTTP_Parameter) refers to gprs.o(i.WaitForExpectedResponse) for WaitForExpectedResponse
    gprs.o(i.HTTP_Post) refers to gprs.o(i.HTTP_Parameter) for HTTP_Parameter
    gprs.o(i.HTTP_Post) refers to gprs.o(i.HTTP_Data) for HTTP_Data
    gprs.o(i.HTTP_Post) refers to gprs.o(i.HTTP_Action) for HTTP_Action
    gprs.o(i.HTTP_Post) refers to gprs.o(i.WaitForExpectedResponse) for WaitForExpectedResponse
    gprs.o(i.HTTP_Post) refers to gprs.o(i.HTTP_Read) for HTTP_Read
    gprs.o(i.HTTP_Post) refers to gprs.o(.data) for Response_Status
    gprs.o(i.HTTP_Read) refers to _printf_percent.o(.ARM.Collect$$_printf_percent$$00000000) for _printf_percent
    gprs.o(i.HTTP_Read) refers to _printf_d.o(.ARM.Collect$$_printf_percent$$00000009) for _printf_d
    gprs.o(i.HTTP_Read) refers to _printf_dec.o(.text) for _printf_int_dec
    gprs.o(i.HTTP_Read) refers to noretval__2sprintf.o(.text) for __2sprintf
    gprs.o(i.HTTP_Read) refers to gprs.o(i.UART0_SendString) for UART0_SendString
    gprs.o(i.HTTP_Read) refers to gprs.o(i.WaitForExpectedResponse) for WaitForExpectedResponse
    gprs.o(i.HTTP_Read) refers to gprs.o(i.GetResponseBody) for GetResponseBody
    gprs.o(i.HTTP_Read) refers to gprs.o(.data) for CRLF_COUNT
    gprs.o(i.HTTP_Read) refers to gprs.o(.bss) for RESPONSE_BUFFER
    gprs.o(i.HTTP_Save) refers to gprs.o(i.UART0_SendString) for UART0_SendString
[...]
    gprs.o(i.HTTP_get) refers to gprs.o(i.HTTP_Read) for HTTP_Read
    gprs.o(i.HTTP_get) refers to gprs.o(.data) for Response_Status
    gprs.o(i.Read_Response) refers to strlen.o(.text) for strlen
    gprs.o(i.Read_Response) refers to gprs.o(i.delay_ms) for delay_ms
    gprs.o(i.Read_Response) refers to rt_memmove.o(.text) for __aeabi_memmove
    gprs.o(i.Read_Response) refers to strncmp.o(.text) for strncmp
    gprs.o(i.Read_Response) refers to lcd.o(i.gotoloc) for gotoloc
    gprs.o(i.Read_Response) refers to lcd.o(i.LCD_WriteString) for LCD_WriteString
    gprs.o(i.Read_Response) refers to gprs.o(.data) for TimeOut
    gprs.o(i.Read_Response) refers to gprs.o(.bss) for RESPONSE_BUFFER
    gprs.o(i.SendATandExpectResponse) refers to gprs.o(i.UART0_SendString) for UART0_SendString
    gprs.o(i.SendATandExpectResponse) refers to gprs.o(i.UART0_TxChar) for UART0_TxChar
    gprs.o(i.SendATandExpectResponse) refers to gprs.o(i.WaitForExpectedResponse) for WaitForExpectedResponse
    gprs.o(i.Start_Read_Response) refers to gprs.o(i.Read_Response) for Read_Response
    gprs.o(i.Start_Read_Response) refers to gprs.o(.data) for Response_Status
    gprs.o(i.UART0_Interrupt) refers to gprs.o(.bss) for RESPONSE_BUFFER
    gprs.o(i.UART0_Interrupt) refers to gprs.o(.data) for Counter
    gprs.o(i.UART0_SendString) refers to gprs.o(i.UART0_TxChar) for UART0_TxChar
    gprs.o(i.WaitForExpectedResponse) refers to gprs.o(i.Buffer_Flush) for Buffer_Flush
    gprs.o(i.WaitForExpectedResponse) refers to gprs.o(i.delay_ms) for delay_ms
    gprs.o(i.WaitForExpectedResponse) refers to gprs.o(i.Start_Read_Response) for Start_Read_Response
    gprs.o(i.WaitForExpectedResponse) refers to strstr.o(.text) for strstr
    gprs.o(i.WaitForExpectedResponse) refers to gprs.o(.data) for Response_Status
    gprs.o(i.WaitForExpectedResponse) refers to gprs.o(.bss) for RESPONSE_BUFFER
    gprs.o(i.esp8266HTTP_Init) refers to gprs.o(i.HTTP_Terminate) for HTTP_Terminate
    gprs.o(i.esp8266HTTP_Init) refers to gprs.o(i.HTTP_Init) for HTTP_Init
    gprs.o(i.main) refers to _printf_percent.o(.ARM.Collect$$_printf_percent$$00000000) for _printf_percent
    gprs.o(i.main) refers to _printf_d.o(.ARM.Collect$$_printf_percent$$00000009) for _printf_d
    gprs.o(i.main) refers to _printf_s.o(.ARM.Collect$$_printf_percent$$00000014) for _printf_s
    gprs.o(i.main) refers to _printf_dec.o(.text) for _printf_int_dec
    gprs.o(i.main) refers to _printf_str.o(.text) for _printf_str
    gprs.o(i.main) refers to gprs.o(i.UART0_init) for UART0_init
    gprs.o(i.main) refers to lcd.o(i.lcd_init) for lcd_init
    gprs.o(i.main) refers to lcd.o(i.gotoloc) for gotoloc
    gprs.o(i.main) refers to lcd.o(i.LCD_WriteString) for LCD_WriteString
    gprs.o(i.main) refers to gprs.o(i.ESP8266HTTP_Start) for ESP8266HTTP_Start
    gprs.o(i.main) refers to gprs.o(i.ESP8266HTTP_Connect) for ESP8266HTTP_Connect
    gprs.o(i.main) refers to gprs.o(i.esp8266HTTP_Init) for esp8266HTTP_Init
    gprs.o(i.main) refers to gprs.o(i.HTTP_SetURL) for HTTP_SetURL
    gprs.o(i.main) refers to gprs.o(i.HTTP_Save) for HTTP_Save
    gprs.o(i.main) refers to gprs.o(i.HTTP_Connected) for HTTP_Connected
    gprs.o(i.main) refers to rt_memclr_w.o(.text) for __aeabi_memclr4
    gprs.o(i.main) refers to noretval__2sprintf.o(.text) for __2sprintf
    gprs.o(i.main) refers to gprs.o(i.HTTP_Post) for HTTP_Post
    gprs.o(i.main) refers to gprs.o(i.delay_ms) for delay_ms
    gprs.o(i.main) refers to gprs.o(i.HTTP_get) for HTTP_get
    gprs.o(i.main) refers to gprs.o(i.UART0_Interrupt) for UART0_Interrupt
    lcd.o(i.LCD_Cmd) refers to lcd.o(i.soft_delay_us) for soft_delay_us
    lcd.o(i.LCD_WriteString) refers to lcd.o(i.LCD_Write_DATA) for LCD_Write_DATA
    lcd.o(i.LCD_Write_DATA) refers to lcd.o(i.soft_delay_us) for soft_delay_us
    lcd.o(i.gotoloc) refers to lcd.o(i.LCD_Cmd) for LCD_Cmd
    lcd.o(i.lcd_init) refers to lcd.o(i.soft_delay_ms) for soft_delay_ms
    lcd.o(i.lcd_init) refers to lcd.o(i.LCD_Cmd) for LCD_Cmd
    __2sprintf.o(.text) refers to _printf_char_common.o(.text) for _printf_char_common
    __2sprintf.o(.text) refers to _sputc.o(.text) for _sputc
    noretval__2sprintf.o(.text) refers to _printf_char_common.o(.text) for _printf_char_common
    noretval__2sprintf.o(.text) refers to _sputc.o(.text) for _sputc
    __printf.o(.text) refers to __printf.o(i.__ARM_common_call_via_r1) for __ARM_common_call_via_r1
    __printf.o(.text) refers to _printf_percent.o(.ARM.Collect$$_printf_percent$$00000000) for _printf_percent
    __printf.o(.text) refers to __printf.o(i.__ARM_common_call_via_r2) for __ARM_common_call_via_r2
    _printf_str.o(.text) refers (Special) to _printf_char.o(.text) for _printf_cs_common
    _printf_str.o(.text) refers to __printf.o(i.__ARM_common_call_via_r2) for __ARM_common_call_via_r2
    _printf_dec.o(.text) refers to rtudiv10.o(.text) for __rt_udiv10
    _printf_dec.o(.text) refers to _printf_intcommon.o(.text) for _printf_int_common
    __printf_flags.o(.text) refers to __printf.o(i.__ARM_common_call_via_r1) for __ARM_common_call_via_r1
    __printf_flags.o(.text) refers to _printf_percent.o(.ARM.Collect$$_printf_percent$$00000000) for _printf_percent
    __printf_flags.o(.text) refers to __printf.o(i.__ARM_common_call_via_r2) for __ARM_common_call_via_r2
    __printf_flags.o(.text) refers to __printf_flags.o(.constdata) for .constdata
    __printf_ss.o(.text) refers to __printf.o(i.__ARM_common_call_via_r1) for __ARM_common_call_via_r1
    __printf_ss.o(.text) refers to _printf_percent.o(.ARM.Collect$$_printf_percent$$00000000) for _printf_percent
    __printf_ss.o(.text) refers to __printf.o(i.__ARM_common_call_via_r2) for __ARM_common_call_via_r2
    __printf_flags_ss.o(.text) refers to __printf.o(i.__ARM_common_call_via_r1) for __ARM_common_call_via_r1
    __printf_flags_ss.o(.text) refers to _printf_percent.o(.ARM.Collect$$_printf_percent$$00000000) for _printf_percent
    __printf_flags_ss.o(.text) refers to __printf.o(i.__ARM_common_call_via_r2) for __ARM_common_call_via_r2
    __printf_flags_ss.o(.text) refers to __printf_flags_ss.o(.constdata) for .constdata
    __printf_wp.o(.text) refers to __printf.o(i.__ARM_common_call_via_r1) for __ARM_common_call_via_r1
    __printf_wp.o(.text) refers to __printf_wp.o(i._is_digit) for _is_digit
    __printf_wp.o(.text) refers to _printf_percent.o(.ARM.Collect$$_printf_percent$$00000000) for _printf_percent
    __printf_wp.o(.text) refers to __printf.o(i.__ARM_common_call_via_r2) for __ARM_common_call_via_r2
    __printf_flags_wp.o(.text) refers to __printf.o(i.__ARM_common_call_via_r1) for __ARM_common_call_via_r1
    __printf_flags_wp.o(.text) refers to __printf_wp.o(i._is_digit) for _is_digit
    __printf_flags_wp.o(.text) refers to _printf_percent.o(.ARM.Collect$$_printf_percent$$00000000) for _printf_percent
    __printf_flags_wp.o(.text) refers to __printf.o(i.__ARM_common_call_via_r2) for __ARM_common_call_via_r2
    __printf_flags_wp.o(.text) refers to __printf_flags_wp.o(.constdata) for .constdata
    __printf_ss_wp.o(.text) refers to __printf.o(i.__ARM_common_call_via_r1) for __ARM_common_call_via_r1
    __printf_ss_wp.o(.text) refers to __printf_wp.o(i._is_digit) for _is_digit
    __printf_ss_wp.o(.text) refers to _printf_percent.o(.ARM.Collect$$_printf_percent$$00000000) for _printf_percent
    __printf_ss_wp.o(.text) refers to __printf.o(i.__ARM_common_call_via_r2) for __ARM_common_call_via_r2
    __printf_flags_ss_wp.o(.text) refers to __printf.o(i.__ARM_common_call_via_r1) for __ARM_common_call_via_r1
    __printf_flags_ss_wp.o(.text) refers to __printf_wp.o(i._is_digit) for _is_digit
    __printf_flags_ss_wp.o(.text) refers to _printf_percent.o(.ARM.Collect$$_printf_percent$$00000000) for _printf_percent
    __printf_flags_ss_wp.o(.text) refers to __printf.o(i.__ARM_common_call_via_r2) for __ARM_common_call_via_r2
    __printf_flags_ss_wp.o(.text) refers to __printf_flags_ss_wp.o(.constdata) for .constdata
    _printf_s.o(.ARM.Collect$$_printf_percent$$00000014) refers (Weak) to _printf_char.o(.text) for _printf_string
    _printf_d.o(.ARM.Collect$$_printf_percent$$00000009) refers (Weak) to _printf_dec.o(.text) for _printf_int_dec
    _printf_percent.o(.ARM.Collect$$_printf_percent$$00000000) refers (Special) to _printf_percent_end.o(.ARM.Collect$$_printf_percent$$00000017) for _printf_percent_end
    atoi.o(.text) refers to rt_errno_addr_intlibspace.o(.text) for __aeabi_errno_addr
    atoi.o(.text) refers to strtol.o(.text) for strtol
    rt_memcpy.o(.text) refers to rt_memcpy_w.o(.text) for __aeabi_memcpy4
    rt_memmove.o(.text) refers to rt_memcpy.o(.text) for __aeabi_memcpy
    rt_memmove.o(.text) refers to rt_memmove_w.o(.text) for __memmove_aligned
    rt_memclr.o(.text) refers to rt_memclr_w.o(.text) for _memset_w
    strncpy.o(.text) refers to rt_memclr.o(.text) for __aeabi_memclr
    __main.o(!!!main) refers to __rtentry.o(.ARM.Collect$$rtentry$$00000000) for __rt_entry
    __rtentry.o(.ARM.Collect$$rtentry$$00000000) refers (Special) to __rtentry2.o(.ARM.Collect$$rtentry$$0000000A) for __rt_entry_li
    __rtentry.o(.ARM.Collect$$rtentry$$00000000) refers (Special) to __rtentry2.o(.ARM.Collect$$rtentry$$0000000D) for __rt_entry_main
    __rtentry.o(.ARM.Collect$$rtentry$$00000000) refers (Special) to __rtentry2.o(.ARM.Collect$$rtentry$$0000000C) for __rt_entry_postli_1
    __rtentry.o(.ARM.Collect$$rtentry$$00000000) refers (Special) to __rtentry2.o(.ARM.Collect$$rtentry$$00000009) for __rt_entry_postsh_1
    __rtentry.o(.ARM.Collect$$rtentry$$00000000) refers (Special) to __rtentry2.o(.ARM.Collect$$rtentry$$00000002) for __rt_entry_presh_1
    __rtentry.o(.ARM.Collect$$rtentry$$00000000) refers (Special) to __rtentry4.o(.ARM.Collect$$rtentry$$00000004) for __rt_entry_sh
    rt_errno_addr.o(.text) refers to rt_errno_addr.o(.bss) for __aeabi_errno_addr_data
    rt_errno_addr_intlibspace.o(.text) refers to libspace.o(.bss) for __libspace_start
    _printf_intcommon.o(.text) refers to __printf.o(i.__ARM_common_call_via_r2) for __ARM_common_call_via_r2
    _printf_char_common.o(.text) refers to __printf.o(.text) for __printf
    _printf_char.o(.text) refers (Weak) to _printf_str.o(.text) for _printf_str
    strtol.o(.text) refers to rt_ctype_table.o(.text) for __rt_ctype_table
    strtol.o(.text) refers to _strtoul.o(.text) for _strtoul
    strtol.o(.text) refers to rt_errno_addr_intlibspace.o(.text) for __aeabi_errno_addr
    rt_memmove_w.o(.text) refers to rt_memcpy_w.o(.text) for __aeabi_memcpy4
    libspace.o(.text) refers to libspace.o(.bss) for __libspace_start
    __rtentry2.o(.ARM.Collect$$rtentry$$00000008) refers to boardinit2.o(.text) for _platform_post_stackheap_init
    __rtentry2.o(.ARM.Collect$$rtentry$$0000000A) refers to libinit.o(.ARM.Collect$$libinit$$00000000) for __rt_lib_init
    __rtentry2.o(.ARM.Collect$$rtentry$$0000000B) refers to boardinit3.o(.text) for _platform_post_lib_init
    __rtentry2.o(.ARM.Collect$$rtentry$$0000000D) refers to exit.o(.text) for exit
    __rtentry2.o(.ARM.Collect$$rtentry$$0000000D) refers to gprs.o(i.main) for main
    __rtentry2.o(.ARM.exidx) refers to __rtentry2.o(.ARM.Collect$$rtentry$$00000001) for .ARM.Collect$$rtentry$$00000001
    __rtentry2.o(.ARM.exidx) refers to __rtentry2.o(.ARM.Collect$$rtentry$$00000008) for .ARM.Collect$$rtentry$$00000008
    __rtentry2.o(.ARM.exidx) refers to __rtentry2.o(.ARM.Collect$$rtentry$$0000000A) for .ARM.Collect$$rtentry$$0000000A
    __rtentry2.o(.ARM.exidx) refers to __rtentry2.o(.ARM.Collect$$rtentry$$0000000B) for .ARM.Collect$$rtentry$$0000000B
    __rtentry2.o(.ARM.exidx) refers to __rtentry2.o(.ARM.Collect$$rtentry$$0000000D) for .ARM.Collect$$rtentry$$0000000D
    __rtentry4.o(.ARM.Collect$$rtentry$$00000004) refers to sys_stackheap_outer.o(.text) for __user_setup_stackheap
    __rtentry4.o(.ARM.exidx) refers to __rtentry4.o(.ARM.Collect$$rtentry$$00000004) for .ARM.Collect$$rtentry$$00000004
    rt_ctype_table.o(.text) refers to rt_locale_intlibspace.o(.text) for __rt_locale
    rt_ctype_table.o(.text) refers to lc_ctype_c.o(locale$$code) for _get_lc_ctype
    __printf_nopercent.o(.text) refers to __printf_nopercent.o(i.__ARM_common_call_via_r7) for __ARM_common_call_via_r7
    __printf_nopercent.o(.text) refers to __printf_nopercent.o(i.__ARM_common_call_via_r5) for __ARM_common_call_via_r5
    _strtoul.o(.text) refers to _chval.o(.text) for _chval
    _strtoul.o(.text) refers to rt_errno_addr_intlibspace.o(.text) for __aeabi_errno_addr
    sys_stackheap_outer.o(.text) refers to libspace.o(.text) for __user_perproc_libspace
    sys_stackheap_outer.o(.text) refers to startup.o(.text) for __user_initial_stackheap
    rt_locale.o(.text) refers to rt_locale.o(.bss) for __rt_locale_data
    rt_locale_intlibspace.o(.text) refers to libspace.o(.bss) for __libspace_start
    lc_ctype_c.o(locale$$data) refers (Special) to libinit2.o(.ARM.Collect$$libinit$$00000012) for __rt_lib_init_lc_ctype_2
    lc_ctype_c.o(locale$$code) refers (Special) to libinit2.o(.ARM.Collect$$libinit$$00000012) for __rt_lib_init_lc_ctype_2
    lc_ctype_c.o(locale$$code) refers to strcmp.o(.text) for strcmp
    lc_ctype_c.o(locale$$code) refers to lc_ctype_c.o(locale$$data) for __lcctype_c_name
    exit.o(.text) refers to rtexit.o(.ARM.Collect$$rtexit$$00000000) for __rt_exit
    libinit.o(.ARM.Collect$$libinit$$00000000) refers (Special) to libinit2.o(.ARM.Collect$$libinit$$0000002E) for __rt_lib_init_alloca_1
    libinit.o(.ARM.Collect$$libinit$$00000000) refers (Special) to libinit2.o(.ARM.Collect$$libinit$$0000002C) for __rt_lib_init_argv_1
    libinit.o(.ARM.Collect$$libinit$$00000000) refers (Special) to libinit2.o(.ARM.Collect$$libinit$$0000001B) for __rt_lib_init_atexit_1
    libinit.o(.ARM.Collect$$libinit$$00000000) refers (Special) to libinit2.o(.ARM.Collect$$libinit$$00000021) for __rt_lib_init_clock_1
    libinit.o(.ARM.Collect$$libinit$$00000000) refers (Special) to libinit2.o(.ARM.Collect$$libinit$$00000032) for __rt_lib_init_cpp_1
    libinit.o(.ARM.Collect$$libinit$$00000000) refers (Special) to libinit2.o(.ARM.Collect$$libinit$$00000030) for __rt_lib_init_exceptions_1
    libinit.o(.ARM.Collect$$libinit$$00000000) refers (Special) to libinit2.o(.ARM.Collect$$libinit$$00000002) for __rt_lib_init_fp_1
    libinit.o(.ARM.Collect$$libinit$$00000000) refers (Special) to libinit2.o(.ARM.Collect$$libinit$$0000001F) for __rt_lib_init_fp_trap_1
    libinit.o(.ARM.Collect$$libinit$$00000000) refers (Special) to libinit2.o(.ARM.Collect$$libinit$$00000023) for __rt_lib_init_getenv_1
    libinit.o(.ARM.Collect$$libinit$$00000000) refers (Special) to libinit2.o(.ARM.Collect$$libinit$$0000000A) for __rt_lib_init_heap_1
    libinit.o(.ARM.Collect$$libinit$$00000000) refers (Special) to libinit2.o(.ARM.Collect$$libinit$$00000011) for __rt_lib_init_lc_collate_1
    libinit.o(.ARM.Collect$$libinit$$00000000) refers (Special) to libinit2.o(.ARM.Collect$$libinit$$00000013) for __rt_lib_init_lc_ctype_1
    libinit.o(.ARM.Collect$$libinit$$00000000) refers (Special) to libinit2.o(.ARM.Collect$$libinit$$00000015) for __rt_lib_init_lc_monetary_1
    libinit.o(.ARM.Collect$$libinit$$00000000) refers (Special) to libinit2.o(.ARM.Collect$$libinit$$00000017) for __rt_lib_init_lc_numeric_1
    libinit.o(.ARM.Collect$$libinit$$00000000) refers (Special) to libinit2.o(.ARM.Collect$$libinit$$00000019) for __rt_lib_init_lc_time_1
    libinit.o(.ARM.Collect$$libinit$$00000000) refers (Special) to libinit2.o(.ARM.Collect$$libinit$$00000004) for __rt_lib_init_preinit_1
    libinit.o(.ARM.Collect$$libinit$$00000000) refers (Special) to libinit2.o(.ARM.Collect$$libinit$$0000000E) for __rt_lib_init_rand_1
    libinit.o(.ARM.Collect$$libinit$$00000000) refers (Special) to libinit2.o(.ARM.Collect$$libinit$$00000033) for __rt_lib_init_return
    libinit.o(.ARM.Collect$$libinit$$00000000) refers (Special) to libinit2.o(.ARM.Collect$$libinit$$0000001D) for __rt_lib_init_signal_1
    libinit.o(.ARM.Collect$$libinit$$00000000) refers (Special) to libinit2.o(.ARM.Collect$$libinit$$00000025) for __rt_lib_init_stdio_1
    libinit.o(.ARM.Collect$$libinit$$00000000) refers (Special) to libinit2.o(.ARM.Collect$$libinit$$0000000C) for __rt_lib_init_user_alloc_1
    rtexit.o(.ARM.Collect$$rtexit$$00000000) refers (Special) to rtexit2.o(.ARM.Collect$$rtexit$$00000004) for __rt_exit_exit
    rtexit.o(.ARM.Collect$$rtexit$$00000000) refers (Special) to rtexit2.o(.ARM.Collect$$rtexit$$00000003) for __rt_exit_ls
    rtexit.o(.ARM.Collect$$rtexit$$00000000) refers (Special) to rtexit2.o(.ARM.Collect$$rtexit$$00000002) for __rt_exit_prels_1
    rtexit.o(.ARM.exidx) refers (Special) to rtexit2.o(.ARM.Collect$$rtexit$$00000004) for __rt_exit_exit
    rtexit.o(.ARM.exidx) refers (Special) to rtexit2.o(.ARM.Collect$$rtexit$$00000003) for __rt_exit_ls
    rtexit.o(.ARM.exidx) refers (Special) to rtexit2.o(.ARM.Collect$$rtexit$$00000002) for __rt_exit_prels_1
    rtexit.o(.ARM.exidx) refers to rtexit.o(.ARM.Collect$$rtexit$$00000000) for .ARM.Collect$$rtexit$$00000000
    libinit2.o(.ARM.Collect$$libinit$$00000001) refers to fpinit.o(x$fpl$fpinit) for _fp_init
    libinit2.o(.ARM.Collect$$libinit$$0000000F) refers (Weak) to rt_locale_intlibspace.o(.text) for __rt_locale
    libinit2.o(.ARM.Collect$$libinit$$00000010) refers to libinit2.o(.ARM.Collect$$libinit$$0000000F) for .ARM.Collect$$libinit$$0000000F
    libinit2.o(.ARM.Collect$$libinit$$00000012) refers to libinit2.o(.ARM.Collect$$libinit$$0000000F) for .ARM.Collect$$libinit$$0000000F
    libinit2.o(.ARM.Collect$$libinit$$00000012) refers (Weak) to lc_ctype_c.o(locale$$code) for _get_lc_ctype
    libinit2.o(.ARM.Collect$$libinit$$00000014) refers to libinit2.o(.ARM.Collect$$libinit$$0000000F) for .ARM.Collect$$libinit$$0000000F
    libinit2.o(.ARM.Collect$$libinit$$00000016) refers to libinit2.o(.ARM.Collect$$libinit$$0000000F) for .ARM.Collect$$libinit$$0000000F
    libinit2.o(.ARM.Collect$$libinit$$00000018) refers to libinit2.o(.ARM.Collect$$libinit$$0000000F) for .ARM.Collect$$libinit$$0000000F
    libinit2.o(.ARM.Collect$$libinit$$00000026) refers to argv_veneer.o(.emb_text) for __ARM_argv_veneer
    libinit2.o(.ARM.Collect$$libinit$$00000027) refers to argv_veneer.o(.emb_text) for __ARM_argv_veneer
    rtexit2.o(.ARM.Collect$$rtexit$$00000003) refers to libshutdown.o(.ARM.Collect$$libshutdown$$00000000) for __rt_lib_shutdown
    rtexit2.o(.ARM.Collect$$rtexit$$00000004) refers to sys_exit.o(.text) for _sys_exit
    rtexit2.o(.ARM.exidx) refers to rtexit2.o(.ARM.Collect$$rtexit$$00000001) for .ARM.Collect$$rtexit$$00000001
    rtexit2.o(.ARM.exidx) refers to rtexit2.o(.ARM.Collect$$rtexit$$00000003) for .ARM.Collect$$rtexit$$00000003
    rtexit2.o(.ARM.exidx) refers to rtexit2.o(.ARM.Collect$$rtexit$$00000004) for .ARM.Collect$$rtexit$$00000004
    argv_veneer.o(.emb_text) refers to no_argv.o(.text) for __ARM_get_argv
    sys_exit.o(.text) refers (Special) to use_no_semi.o(.text) for __I$use$semihosting
    sys_exit.o(.text) refers (Special) to indicate_semi.o(.text) for __semihosting_library_function
    _get_argv_nomalloc.o(.text) refers (Special) to hrguard.o(.text) for __heap_region$guard
    _get_argv_nomalloc.o(.text) refers to defsig_rtmem_outer.o(.text) for __rt_SIGRTMEM
    _get_argv_nomalloc.o(.text) refers to sys_command.o(.text) for _sys_command_string
    libshutdown.o(.ARM.Collect$$libshutdown$$00000000) refers (Special) to libshutdown2.o(.ARM.Collect$$libshutdown$$00000002) for __rt_lib_shutdown_cpp_1
    libshutdown.o(.ARM.Collect$$libshutdown$$00000000) refers (Special) to libshutdown2.o(.ARM.Collect$$libshutdown$$00000007) for __rt_lib_shutdown_fp_trap_1
    libshutdown.o(.ARM.Collect$$libshutdown$$00000000) refers (Special) to libshutdown2.o(.ARM.Collect$$libshutdown$$0000000F) for __rt_lib_shutdown_heap_1
    libshutdown.o(.ARM.Collect$$libshutdown$$00000000) refers (Special) to libshutdown2.o(.ARM.Collect$$libshutdown$$00000010) for __rt_lib_shutdown_return
    libshutdown.o(.ARM.Collect$$libshutdown$$00000000) refers (Special) to libshutdown2.o(.ARM.Collect$$libshutdown$$0000000A) for __rt_lib_shutdown_signal_1
    libshutdown.o(.ARM.Collect$$libshutdown$$00000000) refers (Special) to libshutdown2.o(.ARM.Collect$$libshutdown$$00000004) for __rt_lib_shutdown_stdio_1
    libshutdown.o(.ARM.Collect$$libshutdown$$00000000) refers (Special) to libshutdown2.o(.ARM.Collect$$libshutdown$$0000000C) for __rt_lib_shutdown_user_alloc_1
    sys_command.o(.text) refers (Special) to use_no_semi.o(.text) for __I$use$semihosting
    sys_command.o(.text) refers (Special) to indicate_semi.o(.text) for __semihosting_library_function
    defsig_rtmem_outer.o(.text) refers to defsig_rtmem_inner.o(.text) for __rt_SIGRTMEM_inner
    defsig_rtmem_outer.o(.text) refers to defsig_exit.o(.text) for __sig_exit
    defsig_rtmem_formal.o(.text) refers to rt_raise.o(.text) for __rt_raise
    rt_raise.o(.text) refers to __raise.o(.text) for __raise
    rt_raise.o(.text) refers to sys_exit.o(.text) for _sys_exit
    defsig_exit.o(.text) refers to sys_exit.o(.text) for _sys_exit
    defsig_rtmem_inner.o(.text) refers to defsig_general.o(.text) for __default_signal_display
    __raise.o(.text) refers to __printf.o(i.__ARM_common_call_via_r2) for __ARM_common_call_via_r2
    __raise.o(.text) refers to defsig.o(CL$$defsig) for __default_signal_handler
    defsig_general.o(.text) refers to sys_wrch.o(.text) for _ttywrch
    sys_wrch.o(.text) refers (Special) to use_no_semi.o(.text) for __I$use$semihosting
    sys_wrch.o(.text) refers (Special) to indicate_semi.o(.text) for __semihosting_library_function
    defsig.o(CL$$defsig) refers to defsig_rtmem_inner.o(.text) for __rt_SIGRTMEM_inner
    defsig_abrt_inner.o(.text) refers to defsig_general.o(.text) for __default_signal_display
    defsig_fpe_inner.o(.text) refers to defsig_general.o(.text) for __default_signal_display
    defsig_rtred_inner.o(.text) refers to defsig_general.o(.text) for __default_signal_display
    defsig_stak_inner.o(.text) refers to defsig_general.o(.text) for __default_signal_display
    defsig_pvfn_inner.o(.text) refers to defsig_general.o(.text) for __default_signal_display
    defsig_cppl_inner.o(.text) refers to defsig_general.o(.text) for __default_signal_display
    defsig_segv_inner.o(.text) refers to defsig_general.o(.text) for __default_signal_display
    defsig_other.o(.text) refers to defsig_general.o(.text) for __default_signal_display


==============================================================================

Removing Unused input sections from the image.

    Removing gprs.o(i.HTTP_SetPost_json), (52 bytes).
    Removing lcd.o(i.delay), (44 bytes).

2 unused section(s) (total 96 bytes) removed from the image.

==============================================================================

Adding Veneers to the image

    Adding TA veneer (4 bytes, Inline) for call to '_printf_percent' from __printf.o(.text).
    Adding AT veneer (8 bytes, Inline) for call to '__rt_lib_init' from __rtentry2.o(.ARM.Collect$$rtentry$$0000000A).
    Adding AT veneer (8 bytes, Inline) for call to '__rt_lib_shutdown' from rtexit2.o(.ARM.Collect$$rtexit$$00000003).
    Adding TA veneer (4 bytes, Inline) for call to '__rt_exit' from exit.o(.text).
    Adding AT veneer (8 bytes, Inline) for call to '__2sprintf' from gprs.o(i.HTTP_Data).
    Adding AT veneer (8 bytes, Inline) for call to '_printf_int_dec' from _printf_d.o(.ARM.Collect$$_printf_percent$$00000009).
    Adding AT veneer (8 bytes, Inline) for call to 'atoi' from gprs.o(i.GetResponseBody).
    Adding AT veneer (8 bytes, Inline) for call to 'strstr' from gprs.o(i.WaitForExpectedResponse).
    Adding AT veneer (8 bytes, Inline) for call to 'strlen' from gprs.o(i.GetResponseBody).
    Adding AT veneer (8 bytes, Inline) for call to 'strncmp' from gprs.o(i.GetResponseBody).
    Adding TA veneer (4 bytes, Inline) for call to '__aeabi_errno_addr' from atoi.o(.text).
    Adding AT veneer (8 bytes, Inline) for call to '_printf_string' from _printf_s.o(.ARM.Collect$$_printf_percent$$00000014).
    Adding TA veneer (4 bytes, Inline) for call to '__rt_udiv10' from _printf_dec.o(.text).
    Adding TA veneer (4 bytes, Inline) for call to '__rt_ctype_table' from strtol.o(.text).
    Adding TA veneer (4 bytes, Inline) for call to '__rt_locale' from libinit2.o(.ARM.Collect$$libinit$$0000000F).
    Adding AT veneer (8 bytes, Inline) for call to '_sys_exit' from rtexit2.o(.ARM.Collect$$rtexit$$00000004).
    Adding TA veneer (4 bytes, Inline) for call to '_get_lc_ctype' from libinit2.o(.ARM.Collect$$libinit$$00000012).

17 Veneer(s) (total 108 bytes) added to the image.

==============================================================================

Image Symbol Table

    Local Symbols

    Symbol Name                              Value     Ov Type        Size  Object(Section)

    RESET                                    0x00000000   Section      272  startup.o(RESET)
    ../clib/angel/boardlib.s                 0x00000000   Number         0  boardinit2.o ABSOLUTE
    ../clib/angel/boardlib.s                 0x00000000   Number         0  boardshut.o ABSOLUTE
    ../clib/angel/boardlib.s                 0x00000000   Number         0  boardinit3.o ABSOLUTE
    ../clib/angel/boardlib.s                 0x00000000   Number         0  boardinit1.o ABSOLUTE
    ../clib/angel/handlers.s                 0x00000000   Number         0  __scatter_zi.o ABSOLUTE
    ../clib/angel/handlers.s                 0x00000000   Number         0  __scatter_copy.o ABSOLUTE
    ../clib/angel/kernel.s                   0x00000000   Number         0  rtexit.o ABSOLUTE
    ../clib/angel/kernel.s                   0x00000000   Number         0  __rtentry2.o ABSOLUTE
    ../clib/angel/kernel.s                   0x00000000   Number         0  __rtentry4.o ABSOLUTE
    ../clib/angel/kernel.s                   0x00000000   Number         0  __rtentry.o ABSOLUTE
    ../clib/angel/kernel.s                   0x00000000   Number         0  rtexit2.o ABSOLUTE
    ../clib/angel/rt.s                       0x00000000   Number         0  rt_raise.o ABSOLUTE
    ../clib/angel/rt.s                       0x00000000   Number         0  rt_locale.o ABSOLUTE
    ../clib/angel/rt.s                       0x00000000   Number         0  rt_errno_addr.o ABSOLUTE
    ../clib/angel/rt.s                       0x00000000   Number         0  rt_locale_intlibspace.o ABSOLUTE
    ../clib/angel/rt.s                       0x00000000   Number         0  rt_errno_addr_intlibspace.o ABSOLUTE
    ../clib/angel/rt.s                       0x00000000   Number         0  rt_ctype_table.o ABSOLUTE
    ../clib/angel/scatter.s                  0x00000000   Number         0  __scatter.o ABSOLUTE
    ../clib/angel/startup.s                  0x00000000   Number         0  __main.o ABSOLUTE
    ../clib/angel/sys.s                      0x00000000   Number         0  indicate_semi.o ABSOLUTE
    ../clib/angel/sys.s                      0x00000000   Number         0  use_no_semi.o ABSOLUTE
    ../clib/angel/sys.s                      0x00000000   Number         0  libspace.o ABSOLUTE
    ../clib/angel/sys.s                      0x00000000   Number         0  sys_stackheap_outer.o ABSOLUTE
    ../clib/angel/sysapp.c                   0x00000000   Number         0  sys_exit.o ABSOLUTE
    ../clib/angel/sysapp.c                   0x00000000   Number         0  sys_command.o ABSOLUTE
    ../clib/angel/sysapp.c                   0x00000000   Number         0  sys_wrch.o ABSOLUTE
    ../clib/armsys.c                         0x00000000   Number         0  no_argv.o ABSOLUTE
    ../clib/armsys.c                         0x00000000   Number         0  _get_argv_nomalloc.o ABSOLUTE
    ../clib/armsys.c                         0x00000000   Number         0  argv_veneer.o ABSOLUTE
    ../clib/armsys.c                         0x00000000   Number         0  argv_veneer.o ABSOLUTE
    ../clib/division.s                       0x00000000   Number         0  rtudiv10.o ABSOLUTE
    ../clib/heapalloc.c                      0x00000000   Number         0  hrguard.o ABSOLUTE
    ../clib/heapaux.c                        0x00000000   Number         0  heapauxi.o ABSOLUTE
    ../clib/libinit.s                        0x00000000   Number         0  libinit.o ABSOLUTE
    ../clib/libinit.s                        0x00000000   Number         0  libshutdown.o ABSOLUTE
    ../clib/libinit.s                        0x00000000   Number         0  libinit2.o ABSOLUTE
    ../clib/libinit.s                        0x00000000   Number         0  libshutdown2.o ABSOLUTE
    ../clib/locale.s                         0x00000000   Number         0  lc_ctype_c.o ABSOLUTE
    ../clib/memcpset.s                       0x00000000   Number         0  rt_memclr.o ABSOLUTE
    ../clib/memcpset.s                       0x00000000   Number         0  strcmp.o ABSOLUTE
    ../clib/memcpset.s                       0x00000000   Number         0  rt_memcpy.o ABSOLUTE
    ../clib/memcpset.s                       0x00000000   Number         0  rt_memcpy_w.o ABSOLUTE
    ../clib/memcpset.s                       0x00000000   Number         0  rt_memmove_w.o ABSOLUTE
    ../clib/memcpset.s                       0x00000000   Number         0  rt_memmove.o ABSOLUTE
    ../clib/memcpset.s                       0x00000000   Number         0  strncpy.o ABSOLUTE
    ../clib/memcpset.s                       0x00000000   Number         0  rt_memclr_w.o ABSOLUTE
    ../clib/printf.c                         0x00000000   Number         0  _printf_intcommon.o ABSOLUTE
    ../clib/printf.c                         0x00000000   Number         0  __printf_nopercent.o ABSOLUTE
    ../clib/printf.c                         0x00000000   Number         0  _printf_char.o ABSOLUTE
    ../clib/printf.c                         0x00000000   Number         0  _printf_char_common.o ABSOLUTE
    ../clib/printf.c                         0x00000000   Number         0  __2sprintf.o ABSOLUTE
    ../clib/printf.c                         0x00000000   Number         0  noretval__2sprintf.o ABSOLUTE
    ../clib/printf.c                         0x00000000   Number         0  _sputc.o ABSOLUTE
    ../clib/printf.c                         0x00000000   Number         0  __printf.o ABSOLUTE
    ../clib/printf.c                         0x00000000   Number         0  _printf_str.o ABSOLUTE
    ../clib/printf.c                         0x00000000   Number         0  __printf_flags_ss_wp.o ABSOLUTE
    ../clib/printf.c                         0x00000000   Number         0  _printf_dec.o ABSOLUTE
    ../clib/printf.c                         0x00000000   Number         0  __printf_flags.o ABSOLUTE
    ../clib/printf.c                         0x00000000   Number         0  __printf_ss.o ABSOLUTE
    ../clib/printf.c                         0x00000000   Number         0  __printf_flags_ss.o ABSOLUTE
    ../clib/printf.c                         0x00000000   Number         0  __printf_wp.o ABSOLUTE
    ../clib/printf.c                         0x00000000   Number         0  __printf_flags_wp.o ABSOLUTE
    ../clib/printf.c                         0x00000000   Number         0  __printf_ss_wp.o ABSOLUTE
    ../clib/printf_percent.s                 0x00000000   Number         0  _printf_s.o ABSOLUTE
    ../clib/printf_percent.s                 0x00000000   Number         0  _printf_d.o ABSOLUTE
    ../clib/printf_percent.s                 0x00000000   Number         0  _printf_percent.o ABSOLUTE
    ../clib/printf_percent.s                 0x00000000   Number         0  _printf_percent_end.o ABSOLUTE
    ../clib/scanf.c                          0x00000000   Number         0  atoi.o ABSOLUTE
    ../clib/scanf.c                          0x00000000   Number         0  strtol.o ABSOLUTE
    ../clib/scanf.c                          0x00000000   Number         0  _chval.o ABSOLUTE
    ../clib/scanf.c                          0x00000000   Number         0  _strtoul.o ABSOLUTE
    ../clib/signal.c                         0x00000000   Number         0  defsig_pvfn_inner.o ABSOLUTE
    ../clib/signal.c                         0x00000000   Number         0  defsig_cppl_inner.o ABSOLUTE
    ../clib/signal.c                         0x00000000   Number         0  defsig_segv_inner.o ABSOLUTE
    ../clib/signal.c                         0x00000000   Number         0  defsig_other.o ABSOLUTE
    ../clib/signal.c                         0x00000000   Number         0  defsig_rtmem_formal.o ABSOLUTE
    ../clib/signal.c                         0x00000000   Number         0  defsig_exit.o ABSOLUTE
    ../clib/signal.c                         0x00000000   Number         0  defsig_rtmem_outer.o ABSOLUTE
    ../clib/signal.c                         0x00000000   Number         0  defsig_rtmem_inner.o ABSOLUTE
    ../clib/signal.c                         0x00000000   Number         0  __raise.o ABSOLUTE
    ../clib/signal.c                         0x00000000   Number         0  defsig_general.o ABSOLUTE
    ../clib/signal.c                         0x00000000   Number         0  defsig_abrt_inner.o ABSOLUTE
    ../clib/signal.c                         0x00000000   Number         0  defsig_fpe_inner.o ABSOLUTE
    ../clib/signal.c                         0x00000000   Number         0  defsig_rtred_inner.o ABSOLUTE
    ../clib/signal.c                         0x00000000   Number         0  defsig_stak_inner.o ABSOLUTE
    ../clib/signal.s                         0x00000000   Number         0  defsig.o ABSOLUTE
    ../clib/stdlib.c                         0x00000000   Number         0  exit.o ABSOLUTE
    ../clib/string.c                         0x00000000   Number         0  strncmp.o ABSOLUTE
    ../clib/string.c                         0x00000000   Number         0  strlen.o ABSOLUTE
    ../clib/string.c                         0x00000000   Number         0  strstr.o ABSOLUTE
    ../fplib/fpinit.s                        0x00000000   Number         0  fpinit.o ABSOLUTE
    GPRS.c                                   0x00000000   Number         0  gprs.o ABSOLUTE
    Startup.s                                0x00000000   Number         0  startup.o ABSOLUTE
    dc.s                                     0x00000000   Number         0  dc.o ABSOLUTE
    lcd.c                                    0x00000000   Number         0  lcd.o ABSOLUTE
    Undef_Handler                            0x00000040   ARM Code       4  startup.o(RESET)
    SWI_Handler                              0x00000044   ARM Code       4  startup.o(RESET)
    PAbt_Handler                             0x00000048   ARM Code       4  startup.o(RESET)
    DAbt_Handler                             0x0000004c   ARM Code       4  startup.o(RESET)
    IRQ_Handler                              0x00000050   ARM Code       4  startup.o(RESET)
    FIQ_Handler                              0x00000054   ARM Code       4  startup.o(RESET)
    !!!main                                  0x00000110   Section        8  __main.o(!!!main)
    !!!scatter                               0x00000118   Section       60  __scatter.o(!!!scatter)
    !!handler_copy                           0x00000154   Section       40  __scatter_copy.o(!!handler_copy)
    !!handler_zi                             0x0000017c   Section       44  __scatter_zi.o(!!handler_zi)
    .ARM.Collect$$_printf_percent$$00000000  0x000001ac   Section        0  _printf_percent.o(.ARM.Collect$$_printf_percent$$00000000)
    .ARM.Collect$$_printf_percent$$00000009  0x000001ac   Section        8  _printf_d.o(.ARM.Collect$$_printf_percent$$00000009)
    .ARM.Collect$$_printf_percent$$00000014  0x000001b4   Section        8  _printf_s.o(.ARM.Collect$$_printf_percent$$00000014)
    .ARM.Collect$$_printf_percent$$00000017  0x000001bc   Section        8  _printf_percent_end.o(.ARM.Collect$$_printf_percent$$00000017)
    .ARM.Collect$$libinit$$00000000          0x000001cc   Section        2  libinit.o(.ARM.Collect$$libinit$$00000000)
    .ARM.Collect$$libinit$$00000002          0x000001ce   Section        0  libinit2.o(.ARM.Collect$$libinit$$00000002)
    .ARM.Collect$$libinit$$00000004          0x000001ce   Section        0  libinit2.o(.ARM.Collect$$libinit$$00000004)
    .ARM.Collect$$libinit$$0000000A          0x000001ce   Section        0  libinit2.o(.ARM.Collect$$libinit$$0000000A)
    .ARM.Collect$$libinit$$0000000C          0x000001ce   Section        0  libinit2.o(.ARM.Collect$$libinit$$0000000C)
    .ARM.Collect$$libinit$$0000000E          0x000001ce   Section        0  libinit2.o(.ARM.Collect$$libinit$$0000000E)
    .ARM.Collect$$libinit$$0000000F          0x000001ce   Section        6  libinit2.o(.ARM.Collect$$libinit$$0000000F)
    .ARM.Collect$$libinit$$00000011          0x000001d4   Section        0  libinit2.o(.ARM.Collect$$libinit$$00000011)
    .ARM.Collect$$libinit$$00000012          0x000001d4   Section       12  libinit2.o(.ARM.Collect$$libinit$$00000012)
    .ARM.Collect$$libinit$$00000013          0x000001e0   Section        0  libinit2.o(.ARM.Collect$$libinit$$00000013)
    .ARM.Collect$$libinit$$00000015          0x000001e0   Section        0  libinit2.o(.ARM.Collect$$libinit$$00000015)
    .ARM.Collect$$libinit$$00000017          0x000001e0   Section        0  libinit2.o(.ARM.Collect$$libinit$$00000017)
    .ARM.Collect$$libinit$$00000019          0x000001e0   Section        0  libinit2.o(.ARM.Collect$$libinit$$00000019)
    .ARM.Collect$$libinit$$0000001B          0x000001e0   Section        0  libinit2.o(.ARM.Collect$$libinit$$0000001B)
    .ARM.Collect$$libinit$$0000001D          0x000001e0   Section        0  libinit2.o(.ARM.Collect$$libinit$$0000001D)
    .ARM.Collect$$libinit$$0000001F          0x000001e0   Section        0  libinit2.o(.ARM.Collect$$libinit$$0000001F)
    .ARM.Collect$$libinit$$00000021          0x000001e0   Section        0  libinit2.o(.ARM.Collect$$libinit$$00000021)
    .ARM.Collect$$libinit$$00000023          0x000001e0   Section        0  libinit2.o(.ARM.Collect$$libinit$$00000023)
    .ARM.Collect$$libinit$$00000025          0x000001e0   Section        0  libinit2.o(.ARM.Collect$$libinit$$00000025)
    .ARM.Collect$$libinit$$0000002C          0x000001e0   Section        0  libinit2.o(.ARM.Collect$$libinit$$0000002C)
    .ARM.Collect$$libinit$$0000002E          0x000001e0   Section        0  libinit2.o(.ARM.Collect$$libinit$$0000002E)
    .ARM.Collect$$libinit$$00000030          0x000001e0   Section        0  libinit2.o(.ARM.Collect$$libinit$$00000030)
    .ARM.Collect$$libinit$$00000032          0x000001e0   Section        0  libinit2.o(.ARM.Collect$$libinit$$00000032)
    .ARM.Collect$$libinit$$00000033          0x000001e0   Section       12  libinit2.o(.ARM.Collect$$libinit$$00000033)
    .ARM.Collect$$libshutdown$$00000000      0x000001f4   Section        4  libshutdown.o(.ARM.Collect$$libshutdown$$00000000)
    .ARM.Collect$$libshutdown$$00000002      0x000001f8   Section        0  libshutdown2.o(.ARM.Collect$$libshutdown$$00000002)
    .ARM.Collect$$libshutdown$$00000004      0x000001f8   Section        0  libshutdown2.o(.ARM.Collect$$libshutdown$$00000004)
    .ARM.Collect$$libshutdown$$00000007      0x000001f8   Section        0  libshutdown2.o(.ARM.Collect$$libshutdown$$00000007)
    .ARM.Collect$$libshutdown$$0000000A      0x000001f8   Section        0  libshutdown2.o(.ARM.Collect$$libshutdown$$0000000A)
    .ARM.Collect$$libshutdown$$0000000C      0x000001f8   Section        0  libshutdown2.o(.ARM.Collect$$libshutdown$$0000000C)
    .ARM.Collect$$libshutdown$$0000000F      0x000001f8   Section        0  libshutdown2.o(.ARM.Collect$$libshutdown$$0000000F)
    .ARM.Collect$$libshutdown$$00000010      0x000001f8   Section        6  libshutdown2.o(.ARM.Collect$$libshutdown$$00000010)
    .ARM.Collect$$rtentry$$00000000          0x00000200   Section        0  __rtentry.o(.ARM.Collect$$rtentry$$00000000)
    .ARM.Collect$$rtentry$$00000002          0x00000200   Section        0  __rtentry2.o(.ARM.Collect$$rtentry$$00000002)
    .ARM.Collect$$rtentry$$00000004          0x00000200   Section        8  __rtentry4.o(.ARM.Collect$$rtentry$$00000004)
    .ARM.Collect$$rtentry$$00000009          0x00000208   Section        0  __rtentry2.o(.ARM.Collect$$rtentry$$00000009)
    .ARM.Collect$$rtentry$$0000000A          0x00000208   Section        4  __rtentry2.o(.ARM.Collect$$rtentry$$0000000A)
    .ARM.Collect$$rtentry$$0000000C          0x0000020c   Section        0  __rtentry2.o(.ARM.Collect$$rtentry$$0000000C)
    .ARM.Collect$$rtentry$$0000000D          0x0000020c   Section       40  __rtentry2.o(.ARM.Collect$$rtentry$$0000000D)
    .ARM.Collect$$rtexit$$00000000           0x00000238   Section        4  rtexit.o(.ARM.Collect$$rtexit$$00000000)
    .ARM.Collect$$rtexit$$00000002           0x0000023c   Section        0  rtexit2.o(.ARM.Collect$$rtexit$$00000002)
    .ARM.Collect$$rtexit$$00000003           0x0000023c   Section        4  rtexit2.o(.ARM.Collect$$rtexit$$00000003)
    .ARM.Collect$$rtexit$$00000004           0x00000240   Section        8  rtexit2.o(.ARM.Collect$$rtexit$$00000004)
    .text                                    0x00000248   Section       32  startup.o(.text)
    .text                                    0x00000270   Section        0  noretval__2sprintf.o(.text)
    .text                                    0x00000298   Section        0  __printf.o(.text)
    .text                                    0x0000030e   Section        0  _printf_str.o(.text)
    .text                                    0x00000370   Section        0  _printf_dec.o(.text)
    .text                                    0x000003e8   Section        0  atoi.o(.text)
    .text                                    0x00000410   Section        0  strstr.o(.text)
    .text                                    0x00000444   Section        0  strlen.o(.text)
    .text                                    0x00000490   Section        0  strncmp.o(.text)
    .text                                    0x00000528   Section      212  rt_memcpy.o(.text)
    .text                                    0x000005fc   Section      212  rt_memmove.o(.text)
    .text                                    0x000006d0   Section       64  rt_memclr.o(.text)
    .text                                    0x00000710   Section       84  rt_memclr_w.o(.text)
    .text                                    0x00000764   Section      112  strncpy.o(.text)
    .text                                    0x000007d4   Section        0  heapauxi.o(.text)
    .text                                    0x000007e0   Section       12  rt_errno_addr_intlibspace.o(.text)
    .text                                    0x000007ec   Section        0  _printf_intcommon.o(.text)
    .text                                    0x000008a8   Section        0  _printf_char_common.o(.text)
    _printf_input_char                       0x000008a9   Thumb Code    10  _printf_char_common.o(.text)
    .text                                    0x000008d8   Section        0  _sputc.o(.text)
    .text                                    0x000008ec   Section        0  _printf_char.o(.text)
    .text                                    0x00000920   Section        0  strtol.o(.text)
    .text                                    0x00000994   Section      100  rt_memcpy_w.o(.text)
    .text                                    0x000009f8   Section      128  rt_memmove_w.o(.text)
    .text                                    0x00000a7c   Section       44  rtudiv10.o(.text)
    .text                                    0x00000aa8   Section       12  libspace.o(.text)
    .text                                    0x00000ab8   Section       24  rt_ctype_table.o(.text)
    .text                                    0x00000ad0   Section        0  _strtoul.o(.text)
    .text                                    0x00000b7c   Section       96  sys_stackheap_outer.o(.text)
    .text                                    0x00000be0   Section       12  rt_locale_intlibspace.o(.text)
    .text                                    0x00000bec   Section        0  _chval.o(.text)
    .text                                    0x00000c0a   Section        0  exit.o(.text)
    .text                                    0x00000c20   Section      244  strcmp.o(.text)
    .text                                    0x00000d1c   Section        0  sys_exit.o(.text)
    .text                                    0x00000d28   Section        4  use_no_semi.o(.text)
    .text                                    0x00000d2c   Section        0  indicate_semi.o(.text)
    i.Buffer_Flush                           0x00000d2c   Section        0  gprs.o(i.Buffer_Flush)
    i.ESP8266HTTP_Connect                    0x00000d58   Section        0  gprs.o(i.ESP8266HTTP_Connect)
    i.ESP8266HTTP_Start                      0x00000e64   Section        0  gprs.o(i.ESP8266HTTP_Start)
    i.GetResponseBody                        0x00000ee0   Section        0  gprs.o(i.GetResponseBody)
    i.HTTP_Action                            0x00000fa0   Section        0  gprs.o(i.HTTP_Action)
    i.HTTP_Connected                         0x00001004   Section        0  gprs.o(i.HTTP_Connected)
    i.HTTP_Data                              0x0000104c   Section        0  gprs.o(i.HTTP_Data)
    i.HTTP_Init                              0x000010d8   Section        0  gprs.o(i.HTTP_Init)
    i.HTTP_Parameter                         0x00001108   Section        0  gprs.o(i.HTTP_Parameter)
    i.HTTP_Post                              0x00001168   Section        0  gprs.o(i.HTTP_Post)
    i.HTTP_Read                              0x00001208   Section        0  gprs.o(i.HTTP_Read)
    i.HTTP_Save                              0x000012a4   Section        0  gprs.o(i.HTTP_Save)
    i.HTTP_SetURL                            0x000012d4   Section        0  gprs.o(i.HTTP_SetURL)
    i.HTTP_Terminate                         0x000012f4   Section        0  gprs.o(i.HTTP_Terminate)
    i.HTTP_get                               0x00001324   Section        0  gprs.o(i.HTTP_get)
    i.LCD_Cmd                                0x000013a8   Section        0  lcd.o(i.LCD_Cmd)
    i.LCD_WriteString                        0x00001448   Section        0  lcd.o(i.LCD_WriteString)
    i.LCD_Write_DATA                         0x00001478   Section        0  lcd.o(i.LCD_Write_DATA)
    i.Read_Response                          0x00001518   Section        0  gprs.o(i.Read_Response)
    i.SendATandExpectResponse                0x000016e4   Section        0  gprs.o(i.SendATandExpectResponse)
    i.Start_Read_Response                    0x00001710   Section        0  gprs.o(i.Start_Read_Response)
    i.UART0_Interrupt                        0x00001744   Section        0  gprs.o(i.UART0_Interrupt)
    i.UART0_SendString                       0x000017ac   Section        0  gprs.o(i.UART0_SendString)
    i.UART0_TxChar                           0x000017fc   Section        0  gprs.o(i.UART0_TxChar)
    i.UART0_init                             0x0000183c   Section        0  gprs.o(i.UART0_init)
    i.WaitForExpectedResponse                0x00001884   Section        0  gprs.o(i.WaitForExpectedResponse)
    i.__ARM_common_call_via_r1               0x000018dc   Section        0  __printf.o(i.__ARM_common_call_via_r1)
    i.__ARM_common_call_via_r2               0x000018de   Section        0  __printf.o(i.__ARM_common_call_via_r2)
    i.delay_ms                               0x000018e0   Section        0  gprs.o(i.delay_ms)
    i.esp8266HTTP_Init                       0x00001924   Section        0  gprs.o(i.esp8266HTTP_Init)
    i.gotoloc                                0x00001938   Section        0  lcd.o(i.gotoloc)
    i.lcd_init                               0x00001978   Section        0  lcd.o(i.lcd_init)
    i.main                                   0x00001a40   Section        0  gprs.o(i.main)
    i.soft_delay_ms                          0x00001bd8   Section        0  lcd.o(i.soft_delay_ms)
    i.soft_delay_us                          0x00001c34   Section        0  lcd.o(i.soft_delay_us)
    locale$$code                             0x00001c8c   Section       80  lc_ctype_c.o(locale$$code)
    locale$$data                             0x00001cfc   Section      272  lc_ctype_c.o(locale$$data)
    __lcctype_c_name                         0x00001d00   Data           2  lc_ctype_c.o(locale$$data)
    __lcctype_c_start                        0x00001d08   Data           0  lc_ctype_c.o(locale$$data)
    __lcctype_c_end                          0x00001e0c   Data           0  lc_ctype_c.o(locale$$data)
    .data                                    0x40000000   Section       11  gprs.o(.data)
    CRLF_BUF                                 0x40000008   Data           2  gprs.o(.data)
    CRLF_FOUND                               0x4000000a   Data           1  gprs.o(.data)
    .bss                                     0x4000000c   Section      200  gprs.o(.bss)
    .bss                                     0x400000d4   Section       96  libspace.o(.bss)
    HEAP                                     0x40000138   Section        0  startup.o(HEAP)
    STACK                                    0x40000138   Section     1160  startup.o(STACK)
    Heap_Mem                                 0x40000138   Data           0  startup.o(HEAP)
    Stack_Mem                                0x40000138   Data        1024  startup.o(STACK)
    Stack_Top                                0x400005c0   Data           0  startup.o(STACK)

    Global Symbols

    Symbol Name                              Value     Ov Type        Size  Object(Section)

    BuildAttributes$$THM_ISAv1$ARM_ISAv4$S$PE$A:L22$X:L11$S22$IEEE1$IW$USESV6$~STKCKD$USESV7$~SHL$OSPACE$ROPI$EBA8$UX$STANDARDLIB$REQ8$PRES8$EABIv2 0x00000000   Number         0  anon$$obj.o ABSOLUTE
    __ARM_use_no_argv                        0x00000000   Number         0  gprs.o ABSOLUTE
    __ARM_exceptions_init                     - Undefined Weak Reference
    __alloca_initialize                       - Undefined Weak Reference
    __arm_preinit_                            - Undefined Weak Reference
    __cpp_initialize__aeabi_                  - Undefined Weak Reference
    __cxa_finalize                            - Undefined Weak Reference
    __sigvec_lookup                           - Undefined Weak Reference
    _atexit_init                              - Undefined Weak Reference
    _call_atexit_fns                          - Undefined Weak Reference
    _clock_init                               - Undefined Weak Reference
    _fp_trap_init                             - Undefined Weak Reference
    _fp_trap_shutdown                         - Undefined Weak Reference
    _get_lc_collate                           - Undefined Weak Reference
    _get_lc_monetary                          - Undefined Weak Reference
    _get_lc_numeric                           - Undefined Weak Reference
    _get_lc_time                              - Undefined Weak Reference
    _getenv_init                              - Undefined Weak Reference
    _handle_redirection                       - Undefined Weak Reference
    _init_alloc                               - Undefined Weak Reference
    _init_user_alloc                          - Undefined Weak Reference
    _initio                                   - Undefined Weak Reference
    _printf_mbtowc                            - Undefined Weak Reference
    _printf_post_padding                      - Undefined Weak Reference
    _printf_pre_padding                       - Undefined Weak Reference
    _printf_truncate_signed                   - Undefined Weak Reference
    _printf_truncate_unsigned                 - Undefined Weak Reference
    _rand_init                                - Undefined Weak Reference
    _signal_finish                            - Undefined Weak Reference
    _signal_init                              - Undefined Weak Reference
    _terminate_alloc                          - Undefined Weak Reference
    _terminate_user_alloc                     - Undefined Weak Reference
    _terminateio                              - Undefined Weak Reference
    Reset_Handler                            0x00000058   ARM Code       0  startup.o(RESET)
    __main                                   0x00000110   ARM Code       8  __main.o(!!!main)
    __scatterload                            0x00000118   ARM Code       0  __scatter.o(!!!scatter)
    __scatterload_rt2                        0x00000118   ARM Code      52  __scatter.o(!!!scatter)
    __scatterload_null                       0x0000012c   ARM Code       0  __scatter.o(!!!scatter)
    __scatterload_copy                       0x00000154   ARM Code      40  __scatter_copy.o(!!handler_copy)
    __scatterload_zeroinit                   0x0000017c   ARM Code      44  __scatter_zi.o(!!handler_zi)
    Inline Thumb to ARM Veneer to _printf_percent 0x000001a9   Thumb Code     4  _printf_percent.o(.ARM.Collect$$_printf_percent$$00000000)
    _printf_d                                0x000001ac   ARM Code       0  _printf_d.o(.ARM.Collect$$_printf_percent$$00000009)
    _printf_percent                          0x000001ac   ARM Code       0  _printf_percent.o(.ARM.Collect$$_printf_percent$$00000000)
    _printf_s                                0x000001b4   ARM Code       0  _printf_s.o(.ARM.Collect$$_printf_percent$$00000014)
    _printf_percent_end                      0x000001bc   ARM Code       0  _printf_percent_end.o(.ARM.Collect$$_printf_percent$$00000017)
    Inline ARM to Thumb Veneer to __rt_lib_init 0x000001c4   ARM Code       8  libinit.o(.ARM.Collect$$libinit$$00000000)
    __rt_lib_init                            0x000001cd   Thumb Code     0  libinit.o(.ARM.Collect$$libinit$$00000000)
    __rt_lib_init_fp_1                       0x000001cf   Thumb Code     0  libinit2.o(.ARM.Collect$$libinit$$00000002)
    __rt_lib_init_heap_1                     0x000001cf   Thumb Code     0  libinit2.o(.ARM.Collect$$libinit$$0000000A)
    __rt_lib_init_lc_common                  0x000001cf   Thumb Code     0  libinit2.o(.ARM.Collect$$libinit$$0000000F)
    __rt_lib_init_preinit_1                  0x000001cf   Thumb Code     0  libinit2.o(.ARM.Collect$$libinit$$00000004)
    __rt_lib_init_rand_1                     0x000001cf   Thumb Code     0  libinit2.o(.ARM.Collect$$libinit$$0000000E)
    __rt_lib_init_user_alloc_1               0x000001cf   Thumb Code     0  libinit2.o(.ARM.Collect$$libinit$$0000000C)
    __rt_lib_init_lc_collate_1               0x000001d5   Thumb Code     0  libinit2.o(.ARM.Collect$$libinit$$00000011)
    __rt_lib_init_lc_ctype_2                 0x000001d5   Thumb Code     0  libinit2.o(.ARM.Collect$$libinit$$00000012)
    __rt_lib_init_alloca_1                   0x000001e1   Thumb Code     0  libinit2.o(.ARM.Collect$$libinit$$0000002E)
    __rt_lib_init_argv_1                     0x000001e1   Thumb Code     0  libinit2.o(.ARM.Collect$$libinit$$0000002C)
    __rt_lib_init_atexit_1                   0x000001e1   Thumb Code     0  libinit2.o(.ARM.Collect$$libinit$$0000001B)
    __rt_lib_init_clock_1                    0x000001e1   Thumb Code     0  libinit2.o(.ARM.Collect$$libinit$$00000021)
    __rt_lib_init_cpp_1                      0x000001e1   Thumb Code     0  libinit2.o(.ARM.Collect$$libinit$$00000032)
    __rt_lib_init_exceptions_1               0x000001e1   Thumb Code     0  libinit2.o(.ARM.Collect$$libinit$$00000030)
    __rt_lib_init_fp_trap_1                  0x000001e1   Thumb Code     0  libinit2.o(.ARM.Collect$$libinit$$0000001F)
    __rt_lib_init_getenv_1                   0x000001e1   Thumb Code     0  libinit2.o(.ARM.Collect$$libinit$$00000023)
    __rt_lib_init_lc_ctype_1                 0x000001e1   Thumb Code     0  libinit2.o(.ARM.Collect$$libinit$$00000013)
    __rt_lib_init_lc_monetary_1              0x000001e1   Thumb Code     0  libinit2.o(.ARM.Collect$$libinit$$00000015)
    __rt_lib_init_lc_numeric_1               0x000001e1   Thumb Code     0  libinit2.o(.ARM.Collect$$libinit$$00000017)
    __rt_lib_init_lc_time_1                  0x000001e1   Thumb Code     0  libinit2.o(.ARM.Collect$$libinit$$00000019)
    __rt_lib_init_return                     0x000001e1   Thumb Code     0  libinit2.o(.ARM.Collect$$libinit$$00000033)
    __rt_lib_init_signal_1                   0x000001e1   Thumb Code     0  libinit2.o(.ARM.Collect$$libinit$$0000001D)
    __rt_lib_init_stdio_1                    0x000001e1   Thumb Code     0  libinit2.o(.ARM.Collect$$libinit$$00000025)
    Inline ARM to Thumb Veneer to __rt_lib_shutdown 0x000001ec   ARM Code       8  libshutdown.o(.ARM.Collect$$libshutdown$$00000000)
    __rt_lib_shutdown                        0x000001f5   Thumb Code     0  libshutdown.o(.ARM.Collect$$libshutdown$$00000000)
    __rt_lib_shutdown_cpp_1                  0x000001f9   Thumb Code     0  libshutdown2.o(.ARM.Collect$$libshutdown$$00000002)
    __rt_lib_shutdown_fp_trap_1              0x000001f9   Thumb Code     0  libshutdown2.o(.ARM.Collect$$libshutdown$$00000007)
    __rt_lib_shutdown_heap_1                 0x000001f9   Thumb Code     0  libshutdown2.o(.ARM.Collect$$libshutdown$$0000000F)
    __rt_lib_shutdown_return                 0x000001f9   Thumb Code     0  libshutdown2.o(.ARM.Collect$$libshutdown$$00000010)
    __rt_lib_shutdown_signal_1               0x000001f9   Thumb Code     0  libshutdown2.o(.ARM.Collect$$libshutdown$$0000000A)
    __rt_lib_shutdown_stdio_1                0x000001f9   Thumb Code     0  libshutdown2.o(.ARM.Collect$$libshutdown$$00000004)
    __rt_lib_shutdown_user_alloc_1           0x000001f9   Thumb Code     0  libshutdown2.o(.ARM.Collect$$libshutdown$$0000000C)
    __rt_entry                               0x00000200   ARM Code       0  __rtentry.o(.ARM.Collect$$rtentry$$00000000)
    __rt_entry_presh_1                       0x00000200   ARM Code       0  __rtentry2.o(.ARM.Collect$$rtentry$$00000002)
    __rt_entry_sh                            0x00000200   ARM Code       0  __rtentry4.o(.ARM.Collect$$rtentry$$00000004)
    __rt_entry_li                            0x00000208   ARM Code       0  __rtentry2.o(.ARM.Collect$$rtentry$$0000000A)
    __rt_entry_postsh_1                      0x00000208   ARM Code       0  __rtentry2.o(.ARM.Collect$$rtentry$$00000009)
    __rt_entry_main                          0x0000020c   ARM Code       0  __rtentry2.o(.ARM.Collect$$rtentry$$0000000D)
    __rt_entry_postli_1                      0x0000020c   ARM Code       0  __rtentry2.o(.ARM.Collect$$rtentry$$0000000C)
    Inline Thumb to ARM Veneer to __rt_exit  0x00000235   Thumb Code     4  rtexit.o(.ARM.Collect$$rtexit$$00000000)
    __rt_exit                                0x00000238   ARM Code       0  rtexit.o(.ARM.Collect$$rtexit$$00000000)
    __rt_exit_ls                             0x0000023c   ARM Code       0  rtexit2.o(.ARM.Collect$$rtexit$$00000003)
    __rt_exit_prels_1                        0x0000023c   ARM Code       0  rtexit2.o(.ARM.Collect$$rtexit$$00000002)
    __rt_exit_exit                           0x00000240   ARM Code       0  rtexit2.o(.ARM.Collect$$rtexit$$00000004)
    __user_initial_stackheap                 0x00000248   ARM Code       0  startup.o(.text)
    Inline ARM to Thumb Veneer to __2sprintf 0x00000268   ARM Code       8  noretval__2sprintf.o(.text)
    __2sprintf                               0x00000271   Thumb Code    36  noretval__2sprintf.o(.text)
    __printf                                 0x00000299   Thumb Code   118  __printf.o(.text)
    _printf_str                              0x0000030f   Thumb Code    88  _printf_str.o(.text)
    Inline ARM to Thumb Veneer to _printf_int_dec 0x00000368   ARM Code       8  _printf_dec.o(.text)
    _printf_int_dec                          0x00000371   Thumb Code    94  _printf_dec.o(.text)
    Inline ARM to Thumb Veneer to atoi       0x000003e0   ARM Code       8  atoi.o(.text)
    atoi                                     0x000003e9   Thumb Code    30  atoi.o(.text)
    Inline ARM to Thumb Veneer to strstr     0x00000408   ARM Code       8  strstr.o(.text)
    strstr                                   0x00000411   Thumb Code    42  strstr.o(.text)
    Inline ARM to Thumb Veneer to strlen     0x0000043c   ARM Code       8  strlen.o(.text)
    strlen                                   0x00000445   Thumb Code    64  strlen.o(.text)
    Inline ARM to Thumb Veneer to strncmp    0x00000488   ARM Code       8  strncmp.o(.text)
    strncmp                                  0x00000491   Thumb Code   146  strncmp.o(.text)
    __aeabi_memcpy                           0x00000528   ARM Code       0  rt_memcpy.o(.text)
    __rt_memcpy                              0x00000528   ARM Code     212  rt_memcpy.o(.text)
    _memcpy_lastbytes                        0x000005dc   ARM Code       0  rt_memcpy.o(.text)
    __aeabi_memmove                          0x000005fc   ARM Code       0  rt_memmove.o(.text)
    __rt_memmove                             0x000005fc   ARM Code     212  rt_memmove.o(.text)
    __memmove_lastfew                        0x000006b0   ARM Code       0  rt_memmove.o(.text)
    __aeabi_memclr                           0x000006d0   ARM Code       0  rt_memclr.o(.text)
    __rt_memclr                              0x000006d0   ARM Code      64  rt_memclr.o(.text)
    _memset                                  0x000006d4   ARM Code       0  rt_memclr.o(.text)
    __aeabi_memclr4                          0x00000710   ARM Code       0  rt_memclr_w.o(.text)
    __aeabi_memclr8                          0x00000710   ARM Code       0  rt_memclr_w.o(.text)
    __rt_memclr_w                            0x00000710   ARM Code      84  rt_memclr_w.o(.text)
    _memset_w                                0x00000714   ARM Code       0  rt_memclr_w.o(.text)
    strncpy                                  0x00000764   ARM Code     108  strncpy.o(.text)
    __use_two_region_memory                  0x000007d5   Thumb Code     2  heapauxi.o(.text)
    __rt_heap_escrow$2region                 0x000007d7   Thumb Code     2  heapauxi.o(.text)
    __rt_heap_expand$2region                 0x000007d9   Thumb Code     2  heapauxi.o(.text)
    Inline Thumb to ARM Veneer to __aeabi_errno_addr 0x000007dd   Thumb Code     4  rt_errno_addr_intlibspace.o(.text)
    __aeabi_errno_addr                       0x000007e0   ARM Code      12  rt_errno_addr_intlibspace.o(.text)
    __errno$intlibspace                      0x000007e0   ARM Code       0  rt_errno_addr_intlibspace.o(.text)
    __rt_errno_addr$intlibspace              0x000007e0   ARM Code       0  rt_errno_addr_intlibspace.o(.text)
    _printf_int_common                       0x000007ed   Thumb Code   186  _printf_intcommon.o(.text)
    _printf_char_common                      0x000008b3   Thumb Code    34  _printf_char_common.o(.text)
    _sputc                                   0x000008d9   Thumb Code    10  _sputc.o(.text)
    Inline ARM to Thumb Veneer to _printf_string 0x000008e4   ARM Code       8  _printf_char.o(.text)
    _printf_cs_common                        0x000008ed   Thumb Code    26  _printf_char.o(.text)
    _printf_char                             0x00000907   Thumb Code    16  _printf_char.o(.text)
    _printf_string                           0x00000917   Thumb Code     8  _printf_char.o(.text)
    strtol                                   0x00000921   Thumb Code   112  strtol.o(.text)
    __aeabi_memcpy4                          0x00000994   ARM Code       0  rt_memcpy_w.o(.text)
    __aeabi_memcpy8                          0x00000994   ARM Code       0  rt_memcpy_w.o(.text)
    __rt_memcpy_w                            0x00000994   ARM Code     100  rt_memcpy_w.o(.text)
    _memcpy_lastbytes_aligned                0x000009e0   ARM Code       0  rt_memcpy_w.o(.text)
    __aeabi_memmove4                         0x000009f8   ARM Code       0  rt_memmove_w.o(.text)
    __aeabi_memmove8                         0x000009f8   ARM Code       0  rt_memmove_w.o(.text)
    __rt_memmove_w                           0x000009f8   ARM Code     128  rt_memmove_w.o(.text)
    __memmove_aligned                        0x00000a24   ARM Code       0  rt_memmove_w.o(.text)
    __memmove_lastfew_aligned                0x00000a60   ARM Code       0  rt_memmove_w.o(.text)
    Inline Thumb to ARM Veneer to __rt_udiv10 0x00000a79   Thumb Code     4  rtudiv10.o(.text)
    __rt_udiv10                              0x00000a7c   ARM Code      44  rtudiv10.o(.text)
    __user_libspace                          0x00000aa8   ARM Code      12  libspace.o(.text)
    __user_perproc_libspace                  0x00000aa8   ARM Code       0  libspace.o(.text)
    __user_perthread_libspace                0x00000aa8   ARM Code       0  libspace.o(.text)
    Inline Thumb to ARM Veneer to __rt_ctype_table 0x00000ab5   Thumb Code     4  rt_ctype_table.o(.text)
    __rt_ctype_table                         0x00000ab8   ARM Code      24  rt_ctype_table.o(.text)
    _strtoul                                 0x00000ad1   Thumb Code   172  _strtoul.o(.text)
    __user_setup_stackheap                   0x00000b7c   ARM Code      96  sys_stackheap_outer.o(.text)
    Inline Thumb to ARM Veneer to __rt_locale 0x00000bdd   Thumb Code     4  rt_locale_intlibspace.o(.text)
    __rt_locale                              0x00000be0   ARM Code      12  rt_locale_intlibspace.o(.text)
    _chval                                   0x00000bed   Thumb Code    30  _chval.o(.text)
    exit                                     0x00000c0b   Thumb Code    20  exit.o(.text)
    strcmp                                   0x00000c20   ARM Code     240  strcmp.o(.text)
    Inline ARM to Thumb Veneer to _sys_exit  0x00000d14   ARM Code       8  sys_exit.o(.text)
    _sys_exit                                0x00000d1d   Thumb Code     8  sys_exit.o(.text)
    __I$use$semihosting                      0x00000d28   ARM Code       0  use_no_semi.o(.text)
    __use_no_semihosting_swi                 0x00000d28   ARM Code       4  use_no_semi.o(.text)
    Buffer_Flush                             0x00000d2c   ARM Code      36  gprs.o(i.Buffer_Flush)
    __semihosting_library_function           0x00000d2c   ARM Code       0  indicate_semi.o(.text)
    ESP8266HTTP_Connect                      0x00000d58   ARM Code     188  gprs.o(i.ESP8266HTTP_Connect)
    ESP8266HTTP_Start                        0x00000e64   ARM Code     100  gprs.o(i.ESP8266HTTP_Start)
    GetResponseBody                          0x00000ee0   ARM Code     184  gprs.o(i.GetResponseBody)
    HTTP_Action                              0x00000fa0   ARM Code      56  gprs.o(i.HTTP_Action)
    HTTP_Connected                           0x00001004   ARM Code      40  gprs.o(i.HTTP_Connected)
    HTTP_Data                                0x0000104c   ARM Code     100  gprs.o(i.HTTP_Data)
    HTTP_Init                                0x000010d8   ARM Code      28  gprs.o(i.HTTP_Init)
    HTTP_Parameter                           0x00001108   ARM Code      68  gprs.o(i.HTTP_Parameter)
    HTTP_Post                                0x00001168   ARM Code     140  gprs.o(i.HTTP_Post)
    HTTP_Read                                0x00001208   ARM Code     116  gprs.o(i.HTTP_Read)
    HTTP_Save                                0x000012a4   ARM Code      28  gprs.o(i.HTTP_Save)
    HTTP_SetURL                              0x000012d4   ARM Code      28  gprs.o(i.HTTP_SetURL)
    HTTP_Terminate                           0x000012f4   ARM Code      28  gprs.o(i.HTTP_Terminate)
    HTTP_get                                 0x00001324   ARM Code     100  gprs.o(i.HTTP_get)
    LCD_Cmd                                  0x000013a8   ARM Code     156  lcd.o(i.LCD_Cmd)
    LCD_WriteString                          0x00001448   ARM Code      48  lcd.o(i.LCD_WriteString)
    LCD_Write_DATA                           0x00001478   ARM Code     156  lcd.o(i.LCD_Write_DATA)
    Read_Response                            0x00001518   ARM Code     408  gprs.o(i.Read_Response)
    SendATandExpectResponse                  0x000016e4   ARM Code      44  gprs.o(i.SendATandExpectResponse)
    Start_Read_Response                      0x00001710   ARM Code      48  gprs.o(i.Start_Read_Response)
    UART0_Interrupt                          0x00001744   ARM Code      92  gprs.o(i.UART0_Interrupt)
    UART0_SendString                         0x000017ac   ARM Code      76  gprs.o(i.UART0_SendString)
    UART0_TxChar                             0x000017fc   ARM Code      60  gprs.o(i.UART0_TxChar)
    UART0_init                               0x0000183c   ARM Code      68  gprs.o(i.UART0_init)
    WaitForExpectedResponse                  0x00001884   ARM Code      80  gprs.o(i.WaitForExpectedResponse)
    __ARM_common_call_via_r1                 0x000018dd   Thumb Code     2  __printf.o(i.__ARM_common_call_via_r1)
    __ARM_common_call_via_r2                 0x000018df   Thumb Code     2  __printf.o(i.__ARM_common_call_via_r2)
    delay_ms                                 0x000018e0   ARM Code      64  gprs.o(i.delay_ms)
    esp8266HTTP_Init                         0x00001924   ARM Code      20  gprs.o(i.esp8266HTTP_Init)
    gotoloc                                  0x00001938   ARM Code      64  lcd.o(i.gotoloc)
    lcd_init                                 0x00001978   ARM Code     196  lcd.o(i.lcd_init)
    main                                     0x00001a40   ARM Code     256  gprs.o(i.main)
    soft_delay_ms                            0x00001bd8   ARM Code      88  lcd.o(i.soft_delay_ms)
    soft_delay_us                            0x00001c34   ARM Code      84  lcd.o(i.soft_delay_us)
    Inline Thumb to ARM Veneer to _get_lc_ctype 0x00001c89   Thumb Code     4  lc_ctype_c.o(locale$$code)
    _get_lc_ctype                            0x00001c8c   ARM Code      80  lc_ctype_c.o(locale$$code)
    Region$$Table$$Base                      0x00001cdc   Number         0  anon$$obj.o(Region$$Table)
    Region$$Table$$Limit                     0x00001cfc   Number         0  anon$$obj.o(Region$$Table)
    __ctype                                  0x00001d09   Data           0  lc_ctype_c.o(locale$$data)
    Response_Status                          0x40000000   Data           1  gprs.o(.data)
    CRLF_COUNT                               0x40000001   Data           1  gprs.o(.data)
    Counter                                  0x40000002   Data           2  gprs.o(.data)
    TimeOut                                  0x40000004   Data           4  gprs.o(.data)
    RESPONSE_BUFFER                          0x4000000c   Data         200  gprs.o(.bss)
    __libspace_start                         0x400000d4   Data          96  libspace.o(.bss)
    __temporary_stack_top$libspace           0x40000134   Data           0  libspace.o(.bss)



==============================================================================

Memory Map of the image

  Image Entry point : 0x00000110

  Load Region LR_IROM1 (Base: 0x00000000, Size: 0x00001e18, Max: 0x00080000, ABSOLUTE)

    Execution Region ER_IROM1 (Exec base: 0x00000000, Load base: 0x00000000, Size: 0x00001e0c, Max: 0x00080000, ABSOLUTE)

    Exec Addr    Load Addr    Size         Type   Attr      Idx    E Section Name        Object

    0x00000000   0x00000000   0x00000110   Code   RO            3    RESET               startup.o
    0x00000110   0x00000110   0x00000008   Code   RO          319  * !!!main             c_t.l(__main.o)
    0x00000118   0x00000118   0x0000003c   Code   RO          520    !!!scatter          c_t.l(__scatter.o)
    0x00000154   0x00000154   0x00000028   Code   RO          522    !!handler_copy      c_t.l(__scatter_copy.o)
    0x0000017c   0x0000017c   0x0000002c   Code   RO          524    !!handler_zi        c_t.l(__scatter_zi.o)
    0x000001a8   0x000001a8   0x00000004   Ven    RO          298    .ARM.Collect$$_printf_percent$$00000000  c_t.l(_printf_percent.o)
    0x000001ac   0x000001ac   0x00000000   Code   RO          298    .ARM.Collect$$_printf_percent$$00000000  c_t.l(_printf_percent.o)
    0x000001ac   0x000001ac   0x00000008   Code   RO          297    .ARM.Collect$$_printf_percent$$00000009  c_t.l(_printf_d.o)
    0x000001b4   0x000001b4   0x00000008   Code   RO          296    .ARM.Collect$$_printf_percent$$00000014  c_t.l(_printf_s.o)
    0x000001bc   0x000001bc   0x00000008   Code   RO          335    .ARM.Collect$$_printf_percent$$00000017  c_t.l(_printf_percent_end.o)
    0x000001c4   0x000001c4   0x00000008   Ven    RO          391    .ARM.Collect$$libinit$$00000000  c_t.l(libinit.o)
    0x000001cc   0x000001cc   0x00000002   Code   RO          391    .ARM.Collect$$libinit$$00000000  c_t.l(libinit.o)
    0x000001ce   0x000001ce   0x00000000   Code   RO          397    .ARM.Collect$$libinit$$00000002  c_t.l(libinit2.o)
    0x000001ce   0x000001ce   0x00000000   Code   RO          399    .ARM.Collect$$libinit$$00000004  c_t.l(libinit2.o)
    0x000001ce   0x000001ce   0x00000000   Code   RO          402    .ARM.Collect$$libinit$$0000000A  c_t.l(libinit2.o)
    0x000001ce   0x000001ce   0x00000000   Code   RO          404    .ARM.Collect$$libinit$$0000000C  c_t.l(libinit2.o)
    0x000001ce   0x000001ce   0x00000000   Code   RO          406    .ARM.Collect$$libinit$$0000000E  c_t.l(libinit2.o)
    0x000001ce   0x000001ce   0x00000006   Code   RO          407    .ARM.Collect$$libinit$$0000000F  c_t.l(libinit2.o)
    0x000001d4   0x000001d4   0x00000000   Code   RO          409    .ARM.Collect$$libinit$$00000011  c_t.l(libinit2.o)
    0x000001d4   0x000001d4   0x0000000c   Code   RO          410    .ARM.Collect$$libinit$$00000012  c_t.l(libinit2.o)
    0x000001e0   0x000001e0   0x00000000   Code   RO          411    .ARM.Collect$$libinit$$00000013  c_t.l(libinit2.o)
    0x000001e0   0x000001e0   0x00000000   Code   RO          413    .ARM.Collect$$libinit$$00000015  c_t.l(libinit2.o)
    0x000001e0   0x000001e0   0x00000000   Code   RO          415    .ARM.Collect$$libinit$$00000017  c_t.l(libinit2.o)
    0x000001e0   0x000001e0   0x00000000   Code   RO          417    .ARM.Collect$$libinit$$00000019  c_t.l(libinit2.o)
    0x000001e0   0x000001e0   0x00000000   Code   RO          419    .ARM.Collect$$libinit$$0000001B  c_t.l(libinit2.o)
    0x000001e0   0x000001e0   0x00000000   Code   RO          421    .ARM.Collect$$libinit$$0000001D  c_t.l(libinit2.o)
    0x000001e0   0x000001e0   0x00000000   Code   RO          423    .ARM.Collect$$libinit$$0000001F  c_t.l(libinit2.o)
    0x000001e0   0x000001e0   0x00000000   Code   RO          425    .ARM.Collect$$libinit$$00000021  c_t.l(libinit2.o)
    0x000001e0   0x000001e0   0x00000000   Code   RO          427    .ARM.Collect$$libinit$$00000023  c_t.l(libinit2.o)
    0x000001e0   0x000001e0   0x00000000   Code   RO          429    .ARM.Collect$$libinit$$00000025  c_t.l(libinit2.o)
    0x000001e0   0x000001e0   0x00000000   Code   RO          433    .ARM.Collect$$libinit$$0000002C  c_t.l(libinit2.o)
    0x000001e0   0x000001e0   0x00000000   Code   RO          435    .ARM.Collect$$libinit$$0000002E  c_t.l(libinit2.o)
    0x000001e0   0x000001e0   0x00000000   Code   RO          437    .ARM.Collect$$libinit$$00000030  c_t.l(libinit2.o)
    0x000001e0   0x000001e0   0x00000000   Code   RO          439    .ARM.Collect$$libinit$$00000032  c_t.l(libinit2.o)
    0x000001e0   0x000001e0   0x0000000c   Code   RO          440    .ARM.Collect$$libinit$$00000033  c_t.l(libinit2.o)
    0x000001ec   0x000001ec   0x00000008   Ven    RO          460    .ARM.Collect$$libshutdown$$00000000  c_t.l(libshutdown.o)
    0x000001f4   0x000001f4   0x00000004   Code   RO          460    .ARM.Collect$$libshutdown$$00000000  c_t.l(libshutdown.o)
    0x000001f8   0x000001f8   0x00000000   Code   RO          473    .ARM.Collect$$libshutdown$$00000002  c_t.l(libshutdown2.o)
    0x000001f8   0x000001f8   0x00000000   Code   RO          475    .ARM.Collect$$libshutdown$$00000004  c_t.l(libshutdown2.o)
    0x000001f8   0x000001f8   0x00000000   Code   RO          478    .ARM.Collect$$libshutdown$$00000007  c_t.l(libshutdown2.o)
    0x000001f8   0x000001f8   0x00000000   Code   RO          481    .ARM.Collect$$libshutdown$$0000000A  c_t.l(libshutdown2.o)
    0x000001f8   0x000001f8   0x00000000   Code   RO          483    .ARM.Collect$$libshutdown$$0000000C  c_t.l(libshutdown2.o)
    0x000001f8   0x000001f8   0x00000000   Code   RO          486    .ARM.Collect$$libshutdown$$0000000F  c_t.l(libshutdown2.o)
    0x000001f8   0x000001f8   0x00000006   Code   RO          487    .ARM.Collect$$libshutdown$$00000010  c_t.l(libshutdown2.o)
    0x000001fe   0x000001fe   0x00000002   PAD
    0x00000200   0x00000200   0x00000000   Code   RO          321    .ARM.Collect$$rtentry$$00000000  c_t.l(__rtentry.o)
    0x00000200   0x00000200   0x00000000   Code   RO          348    .ARM.Collect$$rtentry$$00000002  c_t.l(__rtentry2.o)
    0x00000200   0x00000200   0x00000008   Code   RO          360    .ARM.Collect$$rtentry$$00000004  c_t.l(__rtentry4.o)
    0x00000208   0x00000208   0x00000000   Code   RO          350    .ARM.Collect$$rtentry$$00000009  c_t.l(__rtentry2.o)
    0x00000208   0x00000208   0x00000004   Code   RO          351    .ARM.Collect$$rtentry$$0000000A  c_t.l(__rtentry2.o)
    0x0000020c   0x0000020c   0x00000000   Code   RO          353    .ARM.Collect$$rtentry$$0000000C  c_t.l(__rtentry2.o)
    0x0000020c   0x0000020c   0x00000028   Code   RO          354    .ARM.Collect$$rtentry$$0000000D  c_t.l(__rtentry2.o)
    0x00000234   0x00000234   0x00000004   Ven    RO          392    .ARM.Collect$$rtexit$$00000000  c_t.l(rtexit.o)
    0x00000238   0x00000238   0x00000004   Code   RO          392    .ARM.Collect$$rtexit$$00000000  c_t.l(rtexit.o)
    0x0000023c   0x0000023c   0x00000000   Code   RO          442    .ARM.Collect$$rtexit$$00000002  c_t.l(rtexit2.o)
    0x0000023c   0x0000023c   0x00000004   Code   RO          443    .ARM.Collect$$rtexit$$00000003  c_t.l(rtexit2.o)
    0x00000240   0x00000240   0x00000008   Code   RO          444    .ARM.Collect$$rtexit$$00000004  c_t.l(rtexit2.o)
    0x00000248   0x00000248   0x00000020   Code   RO            4    .text               startup.o
    0x00000268   0x00000268   0x00000008   Ven    RO          264    .text               c_t.l(noretval__2sprintf.o)
    0x00000270   0x00000270   0x00000028   Code   RO          264    .text               c_t.l(noretval__2sprintf.o)
    0x00000298   0x00000298   0x00000076   Code   RO          266    .text               c_t.l(__printf.o)
    0x0000030e   0x0000030e   0x00000058   Code   RO          272    .text               c_t.l(_printf_str.o)
    0x00000366   0x00000366   0x00000002   PAD
    0x00000368   0x00000368   0x00000008   Ven    RO          274    .text               c_t.l(_printf_dec.o)
    0x00000370   0x00000370   0x00000070   Code   RO          274    .text               c_t.l(_printf_dec.o)
    0x000003e0   0x000003e0   0x00000008   Ven    RO          299    .text               c_t.l(atoi.o)
    0x000003e8   0x000003e8   0x0000001e   Code   RO          299    .text               c_t.l(atoi.o)
    0x00000406   0x00000406   0x00000002   PAD
    0x00000408   0x00000408   0x00000008   Ven    RO          301    .text               c_t.l(strstr.o)
    0x00000410   0x00000410   0x0000002a   Code   RO          301    .text               c_t.l(strstr.o)
    0x0000043a   0x0000043a   0x00000002   PAD
    0x0000043c   0x0000043c   0x00000008   Ven    RO          303    .text               c_t.l(strlen.o)
    0x00000444   0x00000444   0x00000044   Code   RO          303    .text               c_t.l(strlen.o)
    0x00000488   0x00000488   0x00000008   Ven    RO          305    .text               c_t.l(strncmp.o)
    0x00000490   0x00000490   0x00000098   Code   RO          305    .text               c_t.l(strncmp.o)
    0x00000528   0x00000528   0x000000d4   Code   RO          307    .text               c_t.l(rt_memcpy.o)
    0x000005fc   0x000005fc   0x000000d4   Code   RO          309    .text               c_t.l(rt_memmove.o)
    0x000006d0   0x000006d0   0x00000040   Code   RO          311    .text               c_t.l(rt_memclr.o)
    0x00000710   0x00000710   0x00000054   Code   RO          313    .text               c_t.l(rt_memclr_w.o)
    0x00000764   0x00000764   0x00000070   Code   RO          315    .text               c_t.l(strncpy.o)
    0x000007d4   0x000007d4   0x00000006   Code   RO          317    .text               c_t.l(heapauxi.o)
    0x000007da   0x000007da   0x00000002   PAD
    0x000007dc   0x000007dc   0x00000004   Ven    RO          325    .text               c_t.l(rt_errno_addr_intlibspace.o)
    0x000007e0   0x000007e0   0x0000000c   Code   RO          325    .text               c_t.l(rt_errno_addr_intlibspace.o)
    0x000007ec   0x000007ec   0x000000ba   Code   RO          327    .text               c_t.l(_printf_intcommon.o)
    0x000008a6   0x000008a6   0x00000002   PAD
    0x000008a8   0x000008a8   0x00000030   Code   RO          329    .text               c_t.l(_printf_char_common.o)
    0x000008d8   0x000008d8   0x0000000a   Code   RO          331    .text               c_t.l(_sputc.o)
    0x000008e2   0x000008e2   0x00000002   PAD
    0x000008e4   0x000008e4   0x00000008   Ven    RO          333    .text               c_t.l(_printf_char.o)
    0x000008ec   0x000008ec   0x00000032   Code   RO          333    .text               c_t.l(_printf_char.o)
    0x0000091e   0x0000091e   0x00000002   PAD
    0x00000920   0x00000920   0x00000074   Code   RO          336    .text               c_t.l(strtol.o)
    0x00000994   0x00000994   0x00000064   Code   RO          338    .text               c_t.l(rt_memcpy_w.o)
    0x000009f8   0x000009f8   0x00000080   Code   RO          340    .text               c_t.l(rt_memmove_w.o)
    0x00000a78   0x00000a78   0x00000004   Ven    RO          342    .text               c_t.l(rtudiv10.o)
    0x00000a7c   0x00000a7c   0x0000002c   Code   RO          342    .text               c_t.l(rtudiv10.o)
    0x00000aa8   0x00000aa8   0x0000000c   Code   RO          344    .text               c_t.l(libspace.o)
    0x00000ab4   0x00000ab4   0x00000004   Ven    RO          362    .text               c_t.l(rt_ctype_table.o)
    0x00000ab8   0x00000ab8   0x00000018   Code   RO          362    .text               c_t.l(rt_ctype_table.o)
    0x00000ad0   0x00000ad0   0x000000ac   Code   RO          370    .text               c_t.l(_strtoul.o)
    0x00000b7c   0x00000b7c   0x00000060   Code   RO          372    .text               c_t.l(sys_stackheap_outer.o)
    0x00000bdc   0x00000bdc   0x00000004   Ven    RO          377    .text               c_t.l(rt_locale_intlibspace.o)
    0x00000be0   0x00000be0   0x0000000c   Code   RO          377    .text               c_t.l(rt_locale_intlibspace.o)
    0x00000bec   0x00000bec   0x0000001e   Code   RO          379    .text               c_t.l(_chval.o)
    0x00000c0a   0x00000c0a   0x00000014   Code   RO          384    .text               c_t.l(exit.o)
    0x00000c1e   0x00000c1e   0x00000002   PAD
    0x00000c20   0x00000c20   0x000000f4   Code   RO          394    .text               c_t.l(strcmp.o)
    0x00000d14   0x00000d14   0x00000008   Ven    RO          452    .text               c_t.l(sys_exit.o)
    0x00000d1c   0x00000d1c   0x0000000c   Code   RO          452    .text               c_t.l(sys_exit.o)
    0x00000d28   0x00000d28   0x00000004   Code   RO          463    .text               c_t.l(use_no_semi.o)
    0x00000d2c   0x00000d2c   0x00000000   Code   RO          465    .text               c_t.l(indicate_semi.o)
    0x00000d2c   0x00000d2c   0x0000002c   Code   RO           11    i.Buffer_Flush      gprs.o
    0x00000d58   0x00000d58   0x0000010c   Code   RO           12    i.ESP8266HTTP_Connect  gprs.o
    0x00000e64   0x00000e64   0x0000007c   Code   RO           13    i.ESP8266HTTP_Start  gprs.o
    0x00000ee0   0x00000ee0   0x000000c0   Code   RO           14    i.GetResponseBody   gprs.o
    0x00000fa0   0x00000fa0   0x00000064   Code   RO           15    i.HTTP_Action       gprs.o
    0x00001004   0x00001004   0x00000048   Code   RO           16    i.HTTP_Connected    gprs.o
    0x0000104c   0x0000104c   0x0000008c   Code   RO           17    i.HTTP_Data         gprs.o
    0x000010d8   0x000010d8   0x00000030   Code   RO           18    i.HTTP_Init         gprs.o
    0x00001108   0x00001108   0x00000060   Code   RO           19    i.HTTP_Parameter    gprs.o
    0x00001168   0x00001168   0x000000a0   Code   RO           20    i.HTTP_Post         gprs.o
    0x00001208   0x00001208   0x0000009c   Code   RO           21    i.HTTP_Read         gprs.o
    0x000012a4   0x000012a4   0x00000030   Code   RO           22    i.HTTP_Save         gprs.o
    0x000012d4   0x000012d4   0x00000020   Code   RO           24    i.HTTP_SetURL       gprs.o
    0x000012f4   0x000012f4   0x00000030   Code   RO           25    i.HTTP_Terminate    gprs.o
    0x00001324   0x00001324   0x00000084   Code   RO           26    i.HTTP_get          gprs.o
    0x000013a8   0x000013a8   0x000000a0   Code   RO          203    i.LCD_Cmd           lcd.o
    0x00001448   0x00001448   0x00000030   Code   RO          204    i.LCD_WriteString   lcd.o
    0x00001478   0x00001478   0x000000a0   Code   RO          205    i.LCD_Write_DATA    lcd.o
    0x00001518   0x00001518   0x000001cc   Code   RO           27    i.Read_Response     gprs.o
    0x000016e4   0x000016e4   0x0000002c   Code   RO           28    i.SendATandExpectResponse  gprs.o
    0x00001710   0x00001710   0x00000034   Code   RO           29    i.Start_Read_Response  gprs.o
    0x00001744   0x00001744   0x00000068   Code   RO           30    i.UART0_Interrupt   gprs.o
    0x000017ac   0x000017ac   0x00000050   Code   RO           31    i.UART0_SendString  gprs.o
    0x000017fc   0x000017fc   0x00000040   Code   RO           32    i.UART0_TxChar      gprs.o
    0x0000183c   0x0000183c   0x00000048   Code   RO           33    i.UART0_init        gprs.o
    0x00001884   0x00001884   0x00000058   Code   RO           34    i.WaitForExpectedResponse  gprs.o
    0x000018dc   0x000018dc   0x00000002   Code   RO          270    i.__ARM_common_call_via_r1  c_t.l(__printf.o)
    0x000018de   0x000018de   0x00000002   Code   RO          268    i.__ARM_common_call_via_r2  c_t.l(__printf.o)
    0x000018e0   0x000018e0   0x00000044   Code   RO           35    i.delay_ms          gprs.o
    0x00001924   0x00001924   0x00000014   Code   RO           36    i.esp8266HTTP_Init  gprs.o
    0x00001938   0x00001938   0x00000040   Code   RO          207    i.gotoloc           lcd.o
    0x00001978   0x00001978   0x000000c8   Code   RO          208    i.lcd_init          lcd.o
    0x00001a40   0x00001a40   0x00000198   Code   RO           37    i.main              gprs.o
    0x00001bd8   0x00001bd8   0x0000005c   Code   RO          209    i.soft_delay_ms     lcd.o
    0x00001c34   0x00001c34   0x00000054   Code   RO          210    i.soft_delay_us     lcd.o
    0x00001c88   0x00001c88   0x00000004   Ven    RO          382    locale$$code        c_t.l(lc_ctype_c.o)
    0x00001c8c   0x00001c8c   0x00000050   Code   RO          382    locale$$code        c_t.l(lc_ctype_c.o)
    0x00001cdc   0x00001cdc   0x00000020   Data   RO          518    Region$$Table       anon$$obj.o
    0x00001cfc   0x00001cfc   0x00000110   Data   RO          381    locale$$data        c_t.l(lc_ctype_c.o)


    Execution Region RW_IRAM1 (Exec base: 0x40000000, Load base: 0x00001e0c, Size: 0x000005c0, Max: 0x00008000, ABSOLUTE)

    Exec Addr    Load Addr    Size         Type   Attr      Idx    E Section Name        Object

    0x40000000   0x00001e0c   0x0000000b   Data   RW           39    .data               gprs.o
    0x4000000b   0x00001e17   0x00000001   PAD
    0x4000000c        -       0x000000c8   Zero   RW           38    .bss                gprs.o
    0x400000d4        -       0x00000060   Zero   RW          345    .bss                c_t.l(libspace.o)
    0x40000134   0x00001e17   0x00000004   PAD
    0x40000138        -       0x00000000   Zero   RW            2    HEAP                startup.o
    0x40000138        -       0x00000488   Zero   RW            1    STACK               startup.o


==============================================================================

Image component sizes


      Code (inc. data)   RO Data    RW Data    ZI Data      Debug   Object Name

      3120        664          0         11        200      19242   gprs.o
       808         16          0          0          0       3590   lcd.o
       304         60          0          0       1160        516   startup.o

    ----------------------------------------------------------------------
      4232        740         32         12       1360      23348   Object Totals
         0          0         32          0          0          0   (incl. Generated)
         0          0          0          1          0          0   (incl. Padding)

    ----------------------------------------------------------------------

      Code (inc. data)   RO Data    RW Data    ZI Data      Debug   Library Member Name

         8          0          0          0          0         68   __main.o
       122          0          0          0          0        208   __printf.o
         0          0          0          0          0          0   __rtentry.o
        44          4          0          0          0          0   __rtentry2.o
         8          0          0          0          0          0   __rtentry4.o
        60          8          0          0          0          0   __scatter.o
        40          0          0          0          0          0   __scatter_copy.o
        44          0          0          0          0          0   __scatter_zi.o
        30          0          0          0          0         60   _chval.o
        58          0          0          0          0        112   _printf_char.o
        48          4          0          0          0         96   _printf_char_common.o
         8          0          0          0          0          0   _printf_d.o
       120         18          0          0          0         88   _printf_dec.o
       186          0          0          0          0         96   _printf_intcommon.o
         4          0          0          0          0          0   _printf_percent.o
         8          0          0          0          0          0   _printf_percent_end.o
         8          0          0          0          0          0   _printf_s.o
        88          0          0          0          0         84   _printf_str.o
        10          0          0          0          0         60   _sputc.o
       172          0          0          0          0         96   _strtoul.o
        38          0          0          0          0         84   atoi.o
        20          0          0          0          0         80   exit.o
         6          0          0          0          0        136   heapauxi.o
         0          0          0          0          0          0   indicate_semi.o
        84          8        272          0          0         92   lc_ctype_c.o
        10          0          0          0          0          0   libinit.o
        30          0          0          0          0          0   libinit2.o
        12          0          0          0          0          0   libshutdown.o
         6          0          0          0          0          0   libshutdown2.o
        12          4          0          0         96         68   libspace.o
        48          4          0          0          0         84   noretval__2sprintf.o
        28          4          0          0          0         84   rt_ctype_table.o
        16          4          0          0          0         68   rt_errno_addr_intlibspace.o
        16          4          0          0          0         68   rt_locale_intlibspace.o
        64          0          0          0          0         68   rt_memclr.o
        84          0          0          0          0         80   rt_memclr_w.o
       212          0          0          0          0         68   rt_memcpy.o
       100          0          0          0          0         80   rt_memcpy_w.o
       212          0          0          0          0         68   rt_memmove.o
       128          0          0          0          0         80   rt_memmove_w.o
         8          0          0          0          0          0   rtexit.o
        12          0          0          0          0          0   rtexit2.o
        48          0          0          0          0         68   rtudiv10.o
       244          4          0          0          0         80   strcmp.o
        76          4          0          0          0         76   strlen.o
       160          6          0          0          0         84   strncmp.o
       112          4          0          0          0         84   strncpy.o
        50          0          0          0          0         72   strstr.o
       116          4          0          0          0         92   strtol.o
        20          4          0          0          0         60   sys_exit.o
        96          0          0          0          0         80   sys_stackheap_outer.o
         4          0          0          0          0         68   use_no_semi.o

    ----------------------------------------------------------------------
      3156         88        272          0        100       2940   Library Totals
        18          0          0          0          4          0   (incl. Padding)

    ----------------------------------------------------------------------

      Code (inc. data)   RO Data    RW Data    ZI Data      Debug   Library Name

      3138         88        272          0         96       2940   c_t.l

    ----------------------------------------------------------------------
      3156         88        272          0        100       2940   Library Totals

    ----------------------------------------------------------------------

==============================================================================


      Code (inc. data)   RO Data    RW Data    ZI Data      Debug   

      7388        828        304         12       1460      23316   Grand Totals
      7388        828        304         12       1460      23316   ELF Image Totals
      7388        828        304         12          0          0   ROM Totals

==============================================================================

    Total RO  Size (Code + RO Data)                 7692 (   7.51kB)
    Total RW  Size (RW Data + ZI Data)              1472 (   1.44kB)
    Total ROM Size (Code + RO Data + RW Data)       7704 (   7.52kB)

==============================================================================

